[10:23:43] ======================================================================
[10:23:43] C1 主流程 (一): 取数 -> QC -> 整合 -> 聚类 -> 注释
[10:23:43] 参数: min_umi=500 min_genes=200 max_genes=6000 max_mt=10.0 n_hvg=2500 res=0.8
[10:23:43] ======================================================================
[10:23:43] [load] GSM8482478 (liver_02, CLP)
/Users/sister520/WorkBuddy/2026-08-28-21-09-18/sepsis-liver-zonation/scripts/10_preprocess.py:63: DeprecationWarning: The default value for `spmatrix` is changing to `False` in v1.20.
             That means the default return type will be a sparse array.
             Unless you use * instead of @, ** for matrix power, or you depend
             on 2D shapes from e.g. `A.sum(axis=0)` it may not matter to you.
             See the spmatrix to sparray migration guide for details.
             https://docs.scipy.org/doc/scipy/reference/sparse.migration_to_sparray.html
             
  X = sio.mmread(mt_f).tocsc()              # 基因 x 细胞
[10:23:45]   cell calling 诊断 (UMI 排名曲线):
[10:23:45]       rank   5,000: UMI =     8,656
[10:23:45]       rank  10,000: UMI =     3,103
[10:23:45]       rank  20,000: UMI =       383
[10:23:45]       rank  50,000: UMI =        85
[10:23:45]       rank 100,000: UMI =        20
[10:23:45]       UMI>=1000 且 n_genes>=200:   13,757 个
[10:23:45]       UMI>= 500 且 n_genes>=200:   16,834 个
[10:23:45]       UMI>= 300 且 n_genes>=200:   31,643 个
[10:23:45]       raw 2,567,689 -> QC 后 15,201 (0.59%)
[10:23:45] [load] GSM8482479 (liver_06, CLP)
[10:23:48]       raw 2,737,417 -> QC 后 14,983 (0.55%)
[10:23:48] [load] GSM8482480 (liver_10, CLP)
[10:23:52]       raw 2,925,278 -> QC 后 24,302 (0.83%)
[10:23:52] [load] GSM8482481 (liver_14, Sham)
[10:23:55]       raw 3,616,985 -> QC 后 30,079 (0.83%)
[10:23:55] [load] GSM8482482 (liver_18, Sham)
[10:23:58]       raw 2,778,118 -> QC 后 33,317 (1.20%)
[10:23:58] [load] GSM8482483 (liver_22, Sham)
[10:24:00]       raw 1,861,147 -> QC 后 26,628 (1.43%)
[10:24:00] [qc] 逐样本汇总已写 data/proc/qc_per_sample.csv
[10:24:00] [merge] 合并 6 个样本
[10:24:00]         合并后: 144,510 细胞 x 40,879 基因
normalizing counts per cell
    finished (0:00:01)
extracting highly variable genes
    finished (0:00:05)
/Users/sister520/.workbuddy/binaries/python/versions/3.13.12/lib/python3.13/functools.py:934: UserWarning: zero-centering a sparse array/matrix densifies it.
  return dispatch(args[0].__class__)(*args, **kw)
computing PCA
    with n_comps=50
    finished (0:00:13)
[10:24:26] [pca] done  (144510, 2500)
2026-08-29 10:24:26,603 - harmonypy - INFO - Running Harmony
2026-08-29 10:24:26,603 - harmonypy - INFO -   Parameters:
2026-08-29 10:24:26,603 - harmonypy - INFO -     max_iter_harmony: 10
2026-08-29 10:24:26,603 - harmonypy - INFO -     max_iter_kmeans: 4
2026-08-29 10:24:26,603 - harmonypy - INFO -     epsilon_cluster: 0.001
2026-08-29 10:24:26,603 - harmonypy - INFO -     epsilon_harmony: 0.01
2026-08-29 10:24:26,603 - harmonypy - INFO -     nclust: 100
2026-08-29 10:24:26,603 - harmonypy - INFO -     block_size: 0.05
2026-08-29 10:24:26,603 - harmonypy - INFO -     lamb: dynamic (alpha=0.2)
2026-08-29 10:24:26,603 - harmonypy - INFO -     theta: [2. 2. 2. 2. 2. 2.]
2026-08-29 10:24:26,603 - harmonypy - INFO -     sigma: [0.1 0.1 0.1 0.1 0.1]...
2026-08-29 10:24:26,603 - harmonypy - INFO -     verbose: True
2026-08-29 10:24:26,603 - harmonypy - INFO -     random_state: 0
2026-08-29 10:24:26,603 - harmonypy - INFO -   Data: 50 PCs × 144510 cells
2026-08-29 10:24:26,603 - harmonypy - INFO -   Batch variables: ['batch']
2026-08-29 10:24:26,686 - harmonypy - INFO - Computing initial centroids...
2026-08-29 10:24:28,273 - harmonypy - INFO - Initialization complete.
2026-08-29 10:24:28,275 - harmonypy - INFO - Iteration 1 of 10
2026-08-29 10:24:29,255 - harmonypy - INFO - Iteration 2 of 10
2026-08-29 10:24:30,344 - harmonypy - INFO - Iteration 3 of 10
2026-08-29 10:24:31,351 - harmonypy - INFO - Iteration 4 of 10
2026-08-29 10:24:32,360 - harmonypy - INFO - Iteration 5 of 10
2026-08-29 10:24:33,364 - harmonypy - INFO - Iteration 6 of 10
2026-08-29 10:24:34,372 - harmonypy - INFO - Iteration 7 of 10
2026-08-29 10:24:35,382 - harmonypy - INFO - Iteration 8 of 10
2026-08-29 10:24:36,386 - harmonypy - INFO - Iteration 9 of 10
2026-08-29 10:24:37,404 - harmonypy - INFO - Iteration 10 of 10
2026-08-29 10:24:38,419 - harmonypy - INFO - Converged after 10 iterations
[10:24:38] [warn] harmony 失败(ValueError: Value passed for key 'X_pca_harmony' is of incorrect shape. Values of obsm must match dimensions ('obs',) of parent. Value had shape (50,) while it should have had (144510,).), 用未校正 PCA
computing neighbors
    finished (0:00:18)
running Leiden clustering
    finished (0:00:02)
[10:24:59] [cluster] leiden res=0.8 -> 34 个 cluster
[10:25:02]
[10:25:02] [annot] cluster -> 细胞类型 (cluster 层 marker z-score 注释)
[10:25:02]         0 -> Hepatocyte     n=  6,829 (  4.7%)
[10:25:02]         1 -> Hepatocyte     n=  4,729 (  3.3%)
[10:25:02]         2 -> Hepatocyte     n= 10,324 (  7.1%)
[10:25:02]         3 -> Neutrophil     n=  3,040 (  2.1%)
[10:25:02]         4 -> Macrophage     n=    220 (  0.2%)
[10:25:02]         5 -> Hepatocyte     n= 25,980 ( 18.0%)
[10:25:02]         6 -> HSC            n=  2,961 (  2.0%)
[10:25:02]         7 -> Hepatocyte     n=  7,359 (  5.1%)
[10:25:02]         8 -> Hepatocyte     n=  3,518 (  2.4%)
[10:25:02]         9 -> Cholangiocyte  n=  1,029 (  0.7%)
[10:25:02]        10 -> Endothelial    n=  4,861 (  3.4%)
[10:25:02]        11 -> Hepatocyte     n=  3,636 (  2.5%)
[10:25:02]        12 -> Hepatocyte     n=  2,763 (  1.9%)
[10:25:02]        13 -> Endothelial    n=  1,166 (  0.8%)
[10:25:02]        14 -> T_NK           n=    604 (  0.4%)
[10:25:02]        15 -> HSC            n=    429 (  0.3%)
[10:25:02]        16 -> HSC            n= 17,457 ( 12.1%)
[10:25:02]        17 -> Hepatocyte     n=  2,797 (  1.9%)
[10:25:02]        18 -> B              n=  1,998 (  1.4%)
[10:25:02]        19 -> HSC            n=  1,155 (  0.8%)
[10:25:02]        20 -> T_NK           n=  2,740 (  1.9%)
[10:25:02]        21 -> T_NK           n=  3,591 (  2.5%)
[10:25:02]        22 -> T_NK           n=  4,279 (  3.0%)
[10:25:02]        23 -> Hepatocyte     n= 20,391 ( 14.1%)
[10:25:02]        24 -> T_NK           n=    775 (  0.5%)
[10:25:02]        25 -> T_NK           n=    300 (  0.2%)
[10:25:02]        26 -> T_NK           n=    582 (  0.4%)
[10:25:02]        27 -> T_NK           n=    329 (  0.2%)
[10:25:02]        28 -> Cholangiocyte  n=    288 (  0.2%)
[10:25:02]        29 -> T_NK           n=  1,709 (  1.2%)
[10:25:02]        30 -> Hepatocyte     n=    611 (  0.4%)
[10:25:02]        31 -> Kupffer        n=    691 (  0.5%)
[10:25:02]        32 -> HSC            n=  3,525 (  2.4%)
[10:25:02]        33 -> Cholangiocyte  n=  1,844 (  1.3%)
[10:25:02]
[10:25:02] [annot] 细胞类型总览
[10:25:02]       Hepatocyte       88,937  ( 61.5%)
[10:25:02]       HSC              25,527  ( 17.7%)
[10:25:02]       T_NK             14,909  ( 10.3%)
[10:25:02]       Endothelial       6,027  (  4.2%)
[10:25:02]       Cholangiocyte     3,161  (  2.2%)
[10:25:02]       Neutrophil        3,040  (  2.1%)
[10:25:02]       B                 1,998  (  1.4%)
[10:25:02]       Kupffer             691  (  0.5%)
[10:25:02]       Macrophage          220  (  0.2%)
[10:25:02]
[10:25:02] [annot] 分组构成 (行=细胞类型, 列=CLP/Sham)
[10:25:02]       group            CLP   Sham
[10:25:02]       celltype                   
[10:25:02]       B                  7   1991
[10:25:02]       Cholangiocyte    824   2337
[10:25:02]       Endothelial     4812   1215
[10:25:02]       HSC             2979  22548
[10:25:02]       Hepatocyte     32748  56189
[10:25:02]       Kupffer            0    691
[10:25:02]       Macrophage       207     13
[10:25:02]       Neutrophil      2960     80
[10:25:02]       T_NK            9949   4960
computing UMAP
    finished (0:00:45)
[10:25:50]
[10:25:50] [save] -> data/proc/merged.h5ad   (144,510 细胞 x 40,879 基因)
[10:25:50]
[10:25:50] ======================================================================
[10:25:50] [G1 复核] 聚类注释后肝细胞数 = 88,937
[10:25:50]           Sham 组肝细胞 = 56,189  (门槛 1,500) -> PASS
[10:25:50]           每 zone 约 = 18,729  (门槛 500) -> PASS
[10:25:50] ======================================================================
