[11:12:05] 读取 data/proc/merged.h5ad
[11:12:06]   原始: 94,190 细胞
[11:12:06]   剔除 ['liver_22']: 去掉 9,571 个细胞, 剩 84,619
[11:12:06]   剩余样本: ['liver_02', 'liver_06', 'liver_10', 'liver_14', 'liver_18']
[11:12:06]
[11:12:06] 重跑 HVG -> PCA -> Harmony -> leiden
WARNING: adata.X seems to be already log-transformed.
/Users/sister520/.workbuddy/binaries/python/versions/3.13.12/lib/python3.13/functools.py:934: UserWarning: zero-centering a sparse array/matrix densifies it.
  return dispatch(args[0].__class__)(*args, **kw)
2026-08-29 11:12:24,452 - harmonypy - INFO - Running Harmony
2026-08-29 11:12:24,452 - harmonypy - INFO -   Parameters:
2026-08-29 11:12:24,452 - harmonypy - INFO -     max_iter_harmony: 10
2026-08-29 11:12:24,452 - harmonypy - INFO -     max_iter_kmeans: 4
2026-08-29 11:12:24,452 - harmonypy - INFO -     epsilon_cluster: 0.001
2026-08-29 11:12:24,452 - harmonypy - INFO -     epsilon_harmony: 0.01
2026-08-29 11:12:24,452 - harmonypy - INFO -     nclust: 100
2026-08-29 11:12:24,452 - harmonypy - INFO -     block_size: 0.05
2026-08-29 11:12:24,452 - harmonypy - INFO -     lamb: dynamic (alpha=0.2)
2026-08-29 11:12:24,453 - harmonypy - INFO -     theta: [2. 2. 2. 2. 2.]
2026-08-29 11:12:24,453 - harmonypy - INFO -     sigma: [0.1 0.1 0.1 0.1 0.1]...
2026-08-29 11:12:24,453 - harmonypy - INFO -     verbose: True
2026-08-29 11:12:24,453 - harmonypy - INFO -     random_state: 0
2026-08-29 11:12:24,453 - harmonypy - INFO -   Data: 50 PCs × 84619 cells
2026-08-29 11:12:24,453 - harmonypy - INFO -   Batch variables: ['batch']
2026-08-29 11:12:24,492 - harmonypy - INFO - Computing initial centroids...
2026-08-29 11:12:25,430 - harmonypy - INFO - Initialization complete.
2026-08-29 11:12:25,430 - harmonypy - INFO - Iteration 1 of 10
2026-08-29 11:12:26,020 - harmonypy - INFO - Iteration 2 of 10
2026-08-29 11:12:26,635 - harmonypy - INFO - Iteration 3 of 10
2026-08-29 11:12:27,248 - harmonypy - INFO - Iteration 4 of 10
2026-08-29 11:12:27,863 - harmonypy - INFO - Iteration 5 of 10
2026-08-29 11:12:28,475 - harmonypy - INFO - Iteration 6 of 10
2026-08-29 11:12:29,087 - harmonypy - INFO - Iteration 7 of 10
2026-08-29 11:12:29,697 - harmonypy - INFO - Iteration 8 of 10
2026-08-29 11:12:30,308 - harmonypy - INFO - Iteration 9 of 10
2026-08-29 11:12:30,918 - harmonypy - INFO - Iteration 10 of 10
2026-08-29 11:12:31,531 - harmonypy - INFO - Stopped before convergence
[11:13:17]   -> 22 个 cluster
/Users/sister520/WorkBuddy/2026-08-28-21-09-18/sepsis-liver-zonation/scripts/30_exclude_and_recluster.py:130: Pandas4Warning: Starting with pandas version 4.0 all arguments of sum will be keyword-only.
  frac = ct.div(ct.sum(1), axis=0).max(1)
/Users/sister520/WorkBuddy/2026-08-28-21-09-18/sepsis-liver-zonation/scripts/30_exclude_and_recluster.py:130: Pandas4Warning: Starting with pandas version 4.0 all arguments of max will be keyword-only.
  frac = ct.div(ct.sum(1), axis=0).max(1)
[11:13:17]
[11:13:17] ====================================================================
[11:13:17] 验收 1: 批次混合度
[11:13:17] ====================================================================
[11:13:17]   cluster 最大样本占比: 中位 0.56  均值 0.56
[11:13:17]   >0.9 的单一来源 cluster: 2/22   (剔除前为 19/36, 中位 0.96)
[11:13:17]   目标: 中位数 < 0.6
[11:13:17]   判定: PASS
/Users/sister520/WorkBuddy/2026-08-28-21-09-18/sepsis-liver-zonation/scripts/30_exclude_and_recluster.py:142: Pandas4Warning: Starting with pandas version 4.0 all arguments of sum will be keyword-only.
  big = ct.sum(1).sort_values(ascending=False).head(8).index
[11:13:17]
[11:13:17]   最大的 8 个 cluster 的样本构成:
[11:13:17]     sample  liver_02  liver_06  liver_10  liver_14  liver_18
[11:13:17]     leiden                                                  
[11:13:17]     1            318       369       123     15005       317
[11:13:17]     2           2674      4182      2372      4074      1636
[11:13:17]     0           2717      3324      2034      3632      1074
[11:13:17]     6           1127       366      1708      2570       827
[11:13:17]     10          1615      1239      1566       886      1177
[11:13:17]     3            637       542      1812      1926       518
[11:13:17]     5            995       881      1043       704       714
[11:13:17]     15             0         0      2822         1       390
[11:13:17]
[11:13:17] ====================================================================
[11:13:17] 验收 2: per-cell 肝细胞判据(不依赖聚类注释)
[11:13:17] ====================================================================
[11:13:17]   判据: 肝细胞身份基因阳性数 >= 阈值  **且**  非肝谱系标志全为阴性
[11:13:18]   身份基因命中 6/6; 满足 '>=3 个阳性 且 <=1 个非肝标志' 的细胞: 67,145 (79.3%)
[11:13:18]
[11:13:18]   各样本肝细胞数:
[11:13:18]     liver_02 (CLP ):  10,919 / 12,118  ( 90.1%)
[11:13:18]     liver_06 (CLP ):  11,802 / 13,506  ( 87.4%)
[11:13:18]     liver_10 (CLP ):  10,229 / 19,573  ( 52.3%)
[11:13:18]     liver_14 (Sham):  28,331 / 29,481  ( 96.1%)
[11:13:18]     liver_18 (Sham):   5,864 /  9,941  ( 59.0%)
[11:13:18]
[11:13:18]   Sham 组最少样本的肝细胞数 = 5,864  (目标 >= 3,000)
[11:13:18]   判定: PASS
[11:13:19]
[11:13:19] [save] -> data/proc/merged_no22.h5ad  (84,619 细胞, 67,145 肝细胞)
[11:13:21] [save] -> data/proc/hep_only.h5ad  (67,145 肝细胞)
[11:13:21]
[11:13:21] ====================================================================
[11:13:21] 总判定  批次混合=PASS   肝细胞均衡=PASS
[11:13:21] ====================================================================
