[11:24:33] 读取 data/proc/hep_only.h5ad
[11:24:33]   肝细胞 67,145;  CLP 32,950 / Sham 34,195
[11:24:33]
[11:24:33] >>> 主分析:CP10K + log1p -> AUCell
[11:24:33]   [main] AUCell: n_genes=40879, auc_max=2043 (top 5%)
[11:24:36]   [main] 细胞内秩计算完成 (2.6s)
[11:24:38]
[11:24:38] ======================================================================
[11:24:38] [main] 核心结果 1:zonation index 分布形态(collapse 判据)
[11:24:38] ======================================================================
[11:24:38]              n   mean     sd    iqr
[11:24:38]   group                            
[11:24:38]   Sham   34195 -0.388  0.180  0.214
[11:24:38]   CLP    32950 -0.406  0.208  0.313
[11:24:38]   SD 比 CLP/Sham  = 1.155
[11:24:38]   IQR 比 CLP/Sham = 1.462
[11:24:38]
[11:24:38] [main] 样本层(统计单位 = 样本, Sham n=2 / CLP n=3):
[11:24:38]                     count   mean    std
[11:24:38]     group sample                       
[11:24:38]     CLP   liver_02  10919 -0.408  0.192
[11:24:38]           liver_06  11802 -0.457  0.228
[11:24:38]           liver_10  10229 -0.344  0.183
[11:24:38]     Sham  liver_14  28331 -0.368  0.145
[11:24:38]           liver_18   5864 -0.484  0.276
[11:24:38]     Sham: 各样本均值 [-0.36800000071525574, -0.48399999737739563]  mean=-0.426 sd=0.082
[11:24:38]     CLP: 各样本均值 [-0.40799999237060547, -0.4569999873638153, -0.3440000116825104]  mean=-0.403 sd=0.057
[11:24:38]
[11:24:38] ======================================================================
[11:24:38] [main] 核心结果 2:zone × 分组 的脂质程序(AUCell)
[11:24:38] ======================================================================
[11:24:38]                   FAO  Peroxisome  Lipogenesis  Cholesterol_synth  Lipoprotein_assembly  Uptake  Efflux  Lipid_peroxidation
[11:24:38]   zone  group                                                                                                              
[11:24:38]   zone1 CLP    0.1297      0.2702       0.1887             0.2364                0.4074  0.1814  0.2297              0.1159
[11:24:38]         Sham   0.1952      0.2577       0.1118             0.1120                0.4946  0.2760  0.2381              0.1750
[11:24:38]   zone2 CLP    0.1387      0.2618       0.1772             0.2497                0.4211  0.1828  0.2367              0.1446
[11:24:38]         Sham   0.1809      0.2277       0.0898             0.1443                0.4684  0.2653  0.2371              0.1647
[11:24:38]   zone3 CLP    0.1220      0.2162       0.1367             0.1852                0.3811  0.1573  0.2236              0.1519
[11:24:38]         Sham   0.1802      0.2264       0.0883             0.1352                0.4638  0.2629  0.2373              0.1689
[11:24:38]
[11:24:38] [main] 核心假说检验:zone3 - zone1 落差(负 = zone3 更低)
[11:24:38]                           Sham     CLP  CLP - Sham
[11:24:38]   FAO                  -0.0150 -0.0077      0.0073
[11:24:38]   Peroxisome           -0.0313 -0.0540     -0.0227
[11:24:38]   Lipogenesis          -0.0235 -0.0520     -0.0285
[11:24:38]   Cholesterol_synth     0.0232 -0.0511     -0.0743
[11:24:38]   Lipoprotein_assembly -0.0309 -0.0263      0.0046
[11:24:38]   Uptake               -0.0131 -0.0240     -0.0109
[11:24:38]   Efflux               -0.0008 -0.0060     -0.0052
[11:24:38]   Lipid_peroxidation   -0.0061  0.0360      0.0421
[11:24:38]
[11:24:38] [main] 每个样本内部的 zone3-zone1 落差(主检验: 组内对比)
[11:24:38]            group  n_z1  n_z3     FAO  Peroxisome  Lipogenesis  Cholesterol_synth  Lipoprotein_assembly  Uptake  Efflux  Lipid_peroxidation
[11:24:38]   sample                                                                                                                                  
[11:24:38]   liver_02   CLP  4961  3410 -0.0197     -0.0596      -0.0283            -0.0317               -0.0590 -0.0283 -0.0154              0.0112
[11:24:38]   liver_06   CLP  6507  3206 -0.0175     -0.0702      -0.0369            -0.0113               -0.0582 -0.0235 -0.0079              0.0084
[11:24:38]   liver_10   CLP  3407  4342 -0.0310     -0.0536      -0.0697            -0.1346               -0.0394 -0.0469 -0.0216              0.0299
[11:24:38]   liver_14  Sham  8158  9563 -0.0031     -0.0048      -0.0025             0.0077               -0.0095 -0.0063 -0.0024             -0.0019
[11:24:38]   liver_18  Sham  3228  1824 -0.0547     -0.1048      -0.0808             0.0008               -0.0932 -0.0563  0.0006             -0.0016
[11:24:38]
[11:24:38] ======================================================================
[11:24:38] >>> 敏感性分析:counts 降采样到 1500 UMI/细胞 后重跑
[11:24:38] ======================================================================
[11:24:42]   [ds1500] AUCell: n_genes=40879, auc_max=2043 (top 5%)
[11:24:43]   [ds1500] 细胞内秩计算完成 (0.8s)
[11:24:44]
[11:24:44] ======================================================================
[11:24:44] [ds1500] 核心结果 1:zonation index 分布形态(collapse 判据)
[11:24:44] ======================================================================
[11:24:44]              n   mean     sd    iqr
[11:24:44]   group                            
[11:24:44]   Sham   34195 -0.332  0.169  0.214
[11:24:44]   CLP    32950 -0.308  0.178  0.250
[11:24:44]   SD 比 CLP/Sham  = 1.054
[11:24:44]   IQR 比 CLP/Sham = 1.169
[11:24:44]
[11:24:44] [ds1500] 样本层(统计单位 = 样本, Sham n=2 / CLP n=3):
[11:24:44]                     count   mean    std
[11:24:44]     group sample                       
[11:24:44]     CLP   liver_02  10919 -0.322  0.168
[11:24:44]           liver_06  11802 -0.342  0.192
[11:24:44]           liver_10  10229 -0.254  0.156
[11:24:44]     Sham  liver_14  28331 -0.321  0.148
[11:24:44]           liver_18   5864 -0.383  0.238
[11:24:44]     Sham: 各样本均值 [-0.32100000977516174, -0.382999986410141]  mean=-0.352 sd=0.044
[11:24:44]     CLP: 各样本均值 [-0.32199999690055847, -0.34200000762939453, -0.2540000081062317]  mean=-0.306 sd=0.046
[11:24:44]
[11:24:44] ======================================================================
[11:24:44] [ds1500] 核心结果 2:zone × 分组 的脂质程序(AUCell)
[11:24:44] ======================================================================
[11:24:44]                   FAO  Peroxisome  Lipogenesis  Cholesterol_synth  Lipoprotein_assembly  Uptake  Efflux  Lipid_peroxidation
[11:24:44]   zone  group                                                                                                              
[11:24:44]   zone1 CLP    0.0894      0.1891       0.1384             0.1565                0.2884  0.0968  0.1457              0.0942
[11:24:44]         Sham   0.1547      0.2217       0.1035             0.0989                0.4327  0.1986  0.2076              0.1733
[11:24:44]   zone2 CLP    0.0948      0.1922       0.1318             0.1634                0.3136  0.0999  0.1598              0.1150
[11:24:44]         Sham   0.1585      0.2175       0.1005             0.1235                0.4411  0.2059  0.2185              0.1757
[11:24:44]   zone3 CLP    0.0889      0.1727       0.1139             0.1386                0.3056  0.0934  0.1680              0.1339
[11:24:44]         Sham   0.1518      0.2116       0.0955             0.1188                0.4280  0.2013  0.2183              0.1751
[11:24:44]
[11:24:44] [ds1500] 核心假说检验:zone3 - zone1 落差(负 = zone3 更低)
[11:24:44]                           Sham     CLP  CLP - Sham
[11:24:44]   FAO                  -0.0028 -0.0005      0.0024
[11:24:44]   Peroxisome           -0.0101 -0.0164     -0.0063
[11:24:44]   Lipogenesis          -0.0080 -0.0245     -0.0166
[11:24:44]   Cholesterol_synth     0.0198 -0.0179     -0.0377
[11:24:44]   Lipoprotein_assembly -0.0047  0.0172      0.0220
[11:24:44]   Uptake                0.0028 -0.0033     -0.0061
[11:24:44]   Efflux                0.0107  0.0222      0.0115
[11:24:44]   Lipid_peroxidation    0.0018  0.0397      0.0378
[11:24:44]
[11:24:44] [ds1500] 每个样本内部的 zone3-zone1 落差(主检验: 组内对比)
[11:24:44]            group  n_z1  n_z3     FAO  Peroxisome  Lipogenesis  Cholesterol_synth  Lipoprotein_assembly  Uptake  Efflux  Lipid_peroxidation
[11:24:44]   sample                                                                                                                                  
[11:24:44]   liver_02   CLP  3700  3914 -0.0090     -0.0219      -0.0065            -0.0078               -0.0244 -0.0081  0.0104              0.0196
[11:24:44]   liver_06   CLP  4967  3791 -0.0108     -0.0283      -0.0113             0.0008               -0.0222 -0.0061  0.0097              0.0079
[11:24:44]   liver_10   CLP  1854  5177 -0.0136     -0.0313      -0.0342            -0.0660                0.0027 -0.0161  0.0114              0.0409
[11:24:44]   liver_14  Sham  8350  9556  0.0006      0.0035       0.0012             0.0103               -0.0037  0.0036  0.0041              0.0005
[11:24:44]   liver_18  Sham  3037  1831 -0.0319     -0.0712      -0.0452            -0.0027               -0.0369 -0.0305  0.0150              0.0083
[11:24:44]
[11:24:44] ======================================================================
[11:24:44] 主分析 vs 降采样版 的一致性
[11:24:44] ======================================================================
[11:24:44]   FAO                     0.705
[11:24:44]   Peroxisome              0.640
[11:24:44]   Lipogenesis             0.651
[11:24:44]   Cholesterol_synth       0.765
[11:24:44]   Lipoprotein_assembly    0.755
[11:24:44]   Uptake                  0.745
[11:24:44]   Efflux                  0.606
[11:24:44]   Lipid_peroxidation      0.726
[11:24:44]   zonation_index          0.854
[11:24:44]   最低相关 = 0.606  (不一致, 深度混杂确实存在)
