[16:22:06] 肝细胞 67,145  基因 40,879
[16:22:06] AUCell: auc_max = 2043 (top 5%)
[16:22:06] 程序基因检出率检查:
[16:22:07]   FAO                    12/12 匹配  平均检出率  37.2%
[16:22:08]   Peroxisome             11/11 匹配  平均检出率  38.2%
[16:22:08]   Lipogenesis             9/9  匹配  平均检出率  30.9%
[16:22:09]   Cholesterol_synth      15/15 匹配  平均检出率  35.9%
[16:22:09]   Lipoprotein_assembly    8/8  匹配  平均检出率  58.5%
[16:22:10]   LDLR_clearance          5/5  匹配  平均检出率  29.4%
[16:22:10]   Scavenger_SR_B          2/2  匹配  平均检出率  26.9%
[16:22:10]   FA_transport            5/5  匹配  平均检出率  37.8%
[16:22:10]   Efflux                  7/7  匹配  平均检出率  35.4%
[16:22:11]   Lipid_peroxidation     10/10 匹配  平均检出率  26.6%
[16:22:13] 细胞内秩计算完成 (2.5s)
[16:22:16] [save] data/proc/aucell_v2.csv  (10 个程序)
[16:22:16]
[16:22:16] ================================================================================================
[16:22:16] 程序层(snRNA, 9 个程序):每样本点值 / 变化幅度 / 分离度 / 样本层置换 p
[16:22:16] ================================================================================================
[16:22:16]                         sham_mean  clp_mean  pct_change   CLP_1   CLP_2   CLP_3  Sham_1  Sham_2          separation  perm_p  perm_min_p  cell_AUC
[16:22:16]   program                                                                                                                                        
[16:22:16]   FAO                      0.1879    0.1312      -30.21  0.1101  0.0967  0.1867  0.1841  0.1917                 有重叠     0.3         0.1     0.317
[16:22:16]   Peroxisome               0.2514    0.2511       -0.11  0.2217  0.2500  0.2815  0.2299  0.2728                 有重叠     1.0         0.1     0.562
[16:22:16]   Lipogenesis              0.1082    0.1675       54.76  0.1545  0.2038  0.1441  0.0906  0.1258  完全分离(CLP 全高于 Sham)     0.1         0.1     0.725
[16:22:16]   Cholesterol_synth        0.0852    0.2229      161.62  0.2236  0.2085  0.2367  0.1542  0.0163  完全分离(CLP 全高于 Sham)     0.1         0.1     0.728
[16:22:16]   Lipoprotein_assembly     0.4866    0.4052      -16.73  0.3783  0.3418  0.4954  0.4699  0.5033                 有重叠     0.3         0.1     0.315
[16:22:16]   LDLR_clearance           0.1346    0.1754       30.34  0.1550  0.1856  0.1856  0.1852  0.0839                 有重叠     0.5         0.1     0.532
[16:22:16]   Scavenger_SR_B           0.0974    0.1299       33.32  0.1393  0.1284  0.1218  0.0857  0.1091  完全分离(CLP 全高于 Sham)     0.1         0.1     0.582
[16:22:16]   FA_transport             0.3363    0.1697      -49.54  0.1478  0.1345  0.2267  0.3552  0.3173  完全分离(CLP 全低于 Sham)     0.1         0.1     0.151
[16:22:16]   Efflux                   0.2354    0.2303       -2.14  0.2144  0.2136  0.2630  0.2386  0.2321                 有重叠     1.0         0.1     0.487
[16:22:16]   Lipid_peroxidation       0.1816    0.1372      -24.46  0.1432  0.0692  0.1991  0.1632  0.2000                 有重叠     0.4         0.1     0.364
[16:22:16]
[16:22:16] ================================================================================================
[16:22:16] 独立 bulk 队列(GSE311736, n=4 vs 4):程序层竞争性基因集检验
[16:22:16] ================================================================================================
[16:22:16]                program  n  mean_log2FC  median_log2FC  bg_median  p_gene_set
[16:22:16]                    FAO 12       -0.421         -0.452       0.01    0.038205
[16:22:16]             Peroxisome 11       -0.577         -0.383       0.01    0.065095
[16:22:16]            Lipogenesis  9        0.850          1.001       0.01    0.045080
[16:22:16]      Cholesterol_synth 15       -0.293         -0.506       0.01    0.213370
[16:22:16]   Lipoprotein_assembly  8        0.136          0.153       0.01    0.567728
[16:22:16]         LDLR_clearance  5       -1.097         -0.645       0.01    0.072866
[16:22:16]         Scavenger_SR_B  2          NaN            NaN        NaN         NaN
[16:22:16]           FA_transport  5       -0.353         -0.309       0.01    0.303075
[16:22:16]                 Efflux  7       -0.633         -0.282       0.01    0.261040
[16:22:16]     Lipid_peroxidation  8        1.291          0.223       0.01    0.203487
[16:22:16]
[16:22:16] ================================================================================================
[16:22:16] 拆分后两条摄取通路的单基因 bulk 结果(GSE311736)
[16:22:16] ================================================================================================
[16:22:16]   [移出] Lipc: log2FC=+0.147 padj=0.578  —— 肝脂肪酶:分泌型,窦周间隙水解脂蛋白 TG,不属肝细胞摄取机器
[16:22:16]          program    gene  baseMean  log2FC     padj direction
[16:22:16]   LDLR_clearance    Ldlr    1372.9  -0.645 0.055444         ↓
[16:22:16]   LDLR_clearance   Vldlr      15.1  -3.482 0.008482         ↓
[16:22:16]   LDLR_clearance    Lrp1   24391.7  -0.181 0.566540         ↓
[16:22:16]   LDLR_clearance Ldlrap1     153.1  -1.155 0.001697         ↓
[16:22:16]   LDLR_clearance  Lrpap1     326.6  -0.022 0.970935         ≈
[16:22:16]   Scavenger_SR_B  Scarb1    1419.6   0.722 0.006098         ↑
[16:22:16]   Scavenger_SR_B    Cd36     294.4   0.765 0.056708         ↑
[16:22:16]     FA_transport Slc27a1      40.1  -0.134 0.897671         ↓
[16:22:16]     FA_transport Slc27a2   11477.3  -0.478 0.004257         ↓
[16:22:16]     FA_transport Slc27a4     152.3  -1.008 0.007075         ↓
[16:22:16]     FA_transport Slc27a5    5540.2   0.164 0.589869         ↑
[16:22:16]     FA_transport   Fabp1   21005.9  -0.309 0.416978         ↓
[16:22:16]          (已移出程序)    Lipc    1045.3   0.147 0.577884         ↑
[16:22:16]
[16:22:16] ================================================================================================
[16:22:16] 程序内部方向一致性检查(bulk):均值掩盖异质性的地方必须标出来
[16:22:16] ================================================================================================
[16:22:16]   FAO                    n=12  上调  1 / 下调 11 / 平  0   一致率   92%
[16:22:16]   Peroxisome             n=11  上调  2 / 下调  8 / 平  1   一致率   73%
[16:22:16]   Lipogenesis            n= 9  上调  7 / 下调  2 / 平  0   一致率   78%
[16:22:16]   Cholesterol_synth      n=15  上调  5 / 下调  8 / 平  2   一致率   53%   ⚠️ 内部方向不一致,均值不可解释
[16:22:16]         Hmgcs1      -0.506  padj=0.193 ns
[16:22:16]         Hmgcr       +0.494  padj=0.199 ns
[16:22:16]         Mvd         -1.194  padj=0.0212 *
[16:22:16]         Mvk         -0.755  padj=0.138 ns
[16:22:16]         Fdps        +0.346  padj=0.769 ns
[16:22:16]         Fdft1       -0.598  padj=0.112 ns
[16:22:16]         Sqle        +0.680  padj=0.09 ns
[16:22:16]         Lss         +0.346  padj=0.501 ns
[16:22:16]         Cyp51       -0.005  padj=0.993 ns
[16:22:16]         Msmo1       -0.647  padj=0.0861 ns
[16:22:16]         Nsdhl       -0.011  padj=0.988 ns
[16:22:16]         Sc5d        -0.877  padj=0.00209 **
[16:22:16]         Dhcr7       +0.164  padj=0.796 ns
[16:22:16]         Dhcr24      -1.319  padj=0.0128 *
[16:22:16]         Idi1        -0.516  padj=0.19 ns
[16:22:16]   Lipoprotein_assembly   n= 8  上调  4 / 下调  1 / 平  3   一致率   50%   ⚠️ 内部方向不一致,均值不可解释
[16:22:16]         Apob        +0.333  padj=0.0775 ns
[16:22:16]         Mttp        -0.165  padj=0.57 ns
[16:22:16]         Tm6sf2      +0.098  padj=0.908 ns
[16:22:16]         Sar1b       -0.053  padj=0.908 ns
[16:22:16]         Apoa1       +0.291  padj=0.346 ns
[16:22:16]         Apoa2       +0.081  padj=0.753 ns
[16:22:16]         Apoa4       +0.295  padj=0.803 ns
[16:22:16]         Apoc3       +0.207  padj=0.47 ns
[16:22:16]   LDLR_clearance         n= 5  上调  0 / 下调  4 / 平  1   一致率   80%
[16:22:16]         Ldlr        -0.645  padj=0.0554 ns
[16:22:16]         Vldlr       -3.482  padj=0.00848 **
[16:22:16]         Lrp1        -0.181  padj=0.567 ns
[16:22:16]         Ldlrap1     -1.155  padj=0.0017 **
[16:22:16]         Lrpap1      -0.022  padj=0.971 ns
[16:22:16]   FA_transport           n= 5  上调  1 / 下调  4 / 平  0   一致率   80%
[16:22:16]         Slc27a1     -0.134  padj=0.898 ns
[16:22:16]         Slc27a2     -0.478  padj=0.00426 **
[16:22:16]         Slc27a4     -1.008  padj=0.00708 **
[16:22:16]         Slc27a5     +0.164  padj=0.59 ns
[16:22:16]         Fabp1       -0.309  padj=0.417 ns
[16:22:16]   Efflux                 n= 7  上调  1 / 下调  5 / 平  1   一致率   71%
[16:22:16]   Lipid_peroxidation     n= 8  上调  4 / 下调  1 / 平  3   一致率   50%   ⚠️ 内部方向不一致,均值不可解释
[16:22:16]         Gpx4        +0.097  padj=0.773 ns
[16:22:16]         Slc7a11     +6.973  padj=0.00421 **
[16:22:16]         Acsl4       +0.348  padj=0.148 ns
[16:22:16]         Hmox1       +3.271  padj=6.11e-06 ***
[16:22:16]         Fth1        +0.637  padj=0.00142 **
[16:22:16]         Ftl1        +0.065  padj=0.837 ns
[16:22:16]         Tfrc        -0.079  padj=0.924 ns
[16:22:16]         Nqo1        -0.985  padj=0.318 ns
[16:22:16]
[16:22:16] ================================================================================================
[16:22:16] 全部完成,用时 10s
[16:22:16] ================================================================================================
