[16:46:15] 肝细胞 67,145  基因 40,879
[16:46:15] AUCell: auc_max = 2043 (top 5%)
[16:46:15] 程序基因检出率检查:
[16:46:16]   FAO                    12/12 匹配  平均检出率  37.2%
[16:46:17]   Peroxisome             11/11 匹配  平均检出率  38.2%
[16:46:17]   Lipogenesis             9/9  匹配  平均检出率  30.9%
[16:46:18]   Cholesterol_synth      15/15 匹配  平均检出率  35.9%
[16:46:18]   Lipoprotein_assembly    9/9  匹配  平均检出率  62.5%
[16:46:19]   LDLR_clearance          5/5  匹配  平均检出率  29.4%
[16:46:19]   Scavenger_SR_B          2/2  匹配  平均检出率  26.9%
[16:46:19]   FA_transport            5/5  匹配  平均检出率  37.8%
[16:46:19]   HDL_efflux              2/2  匹配  平均检出率  35.0%
[16:46:19]   Biliary_excretion       6/6  匹配  平均检出率  50.9%
[16:46:20]   Bile_acid_synth         3/3  匹配  平均检出率  43.4%
[16:46:20]   Lipid_peroxidation     10/10 匹配  平均检出率  26.6%
[16:46:23] 细胞内秩计算完成 (2.4s)
[16:46:25] [save] data/proc/aucell_v2.csv  (12 个程序)
[16:46:25]
[16:46:25] ================================================================================================
[16:46:25] 程序层(snRNA, 9 个程序):每样本点值 / 变化幅度 / 分离度 / 样本层置换 p
[16:46:25] ================================================================================================
[16:46:25]                         sham_mean  clp_mean  pct_change   CLP_1   CLP_2   CLP_3  Sham_1  Sham_2          separation  perm_p  perm_min_p  cell_AUC
[16:46:25]   program                                                                                                                                        
[16:46:25]   FAO                      0.1879    0.1312      -30.21  0.1101  0.0967  0.1867  0.1841  0.1917                 有重叠     0.3         0.1     0.317
[16:46:25]   Peroxisome               0.2514    0.2511       -0.11  0.2217  0.2500  0.2815  0.2299  0.2728                 有重叠     1.0         0.1     0.562
[16:46:25]   Lipogenesis              0.1082    0.1675       54.76  0.1545  0.2038  0.1441  0.0906  0.1258  完全分离(CLP 全高于 Sham)     0.1         0.1     0.725
[16:46:25]   Cholesterol_synth        0.0852    0.2229      161.62  0.2236  0.2085  0.2367  0.1542  0.0163  完全分离(CLP 全高于 Sham)     0.1         0.1     0.728
[16:46:25]   Lipoprotein_assembly     0.5404    0.4381      -18.93  0.4026  0.3703  0.5415  0.5280  0.5528                 有重叠     0.3         0.1     0.264
[16:46:25]   LDLR_clearance           0.1346    0.1754       30.34  0.1550  0.1856  0.1856  0.1852  0.0839                 有重叠     0.5         0.1     0.532
[16:46:25]   Scavenger_SR_B           0.0974    0.1299       33.32  0.1393  0.1284  0.1218  0.0857  0.1091  完全分离(CLP 全高于 Sham)     0.1         0.1     0.582
[16:46:25]   FA_transport             0.3363    0.1697      -49.54  0.1478  0.1345  0.2267  0.3552  0.3173  完全分离(CLP 全低于 Sham)     0.1         0.1     0.151
[16:46:25]   HDL_efflux               0.1756    0.3838      118.50  0.3608  0.3964  0.3942  0.1608  0.1905  完全分离(CLP 全高于 Sham)     0.1         0.1     0.816
[16:46:25]   Biliary_excretion        0.3335    0.3479        4.31  0.3466  0.4026  0.2946  0.2766  0.3905                 有重叠     0.7         0.1     0.612
[16:46:25]   Bile_acid_synth          0.3723    0.1563      -58.00  0.1628  0.2130  0.0933  0.5020  0.2426  完全分离(CLP 全低于 Sham)     0.1         0.1     0.155
[16:46:25]   Lipid_peroxidation       0.1816    0.1372      -24.46  0.1432  0.0692  0.1991  0.1632  0.2000                 有重叠     0.4         0.1     0.364
[16:46:25]
[16:46:25] ================================================================================================
[16:46:25] 独立 bulk 队列(GSE311736, n=4 vs 4):程序层竞争性基因集检验
[16:46:25] ================================================================================================
[16:46:25]                program  n  mean_log2FC  median_log2FC  bg_median  p_gene_set
[16:46:25]                    FAO 12       -0.421         -0.452       0.01    0.038205
[16:46:25]             Peroxisome 11       -0.577         -0.383       0.01    0.065095
[16:46:25]            Lipogenesis  9        0.850          1.001       0.01    0.045080
[16:46:25]      Cholesterol_synth 15       -0.293         -0.506       0.01    0.213370
[16:46:25]   Lipoprotein_assembly  9        0.106          0.098       0.01    0.645970
[16:46:25]         LDLR_clearance  5       -1.097         -0.645       0.01    0.072866
[16:46:25]         Scavenger_SR_B  2          NaN            NaN        NaN         NaN
[16:46:25]           FA_transport  5       -0.353         -0.309       0.01    0.303075
[16:46:25]             HDL_efflux  2          NaN            NaN        NaN         NaN
[16:46:25]      Biliary_excretion  6       -0.711         -0.768       0.01    0.050326
[16:46:25]        Bile_acid_synth  3       -3.397         -2.289       0.01    0.046072
[16:46:25]     Lipid_peroxidation  8        1.291          0.223       0.01    0.203487
[16:46:25]
[16:46:25] ================================================================================================
[16:46:25] 拆分后两条摄取通路的单基因 bulk 结果(GSE311736)
[16:46:25] ================================================================================================
[16:46:25]   [移出] Lipc: log2FC=+0.147 padj=0.578  —— 肝脂肪酶:分泌型,窦周间隙水解脂蛋白 TG,不属肝细胞摄取机器
[16:46:25]   [移出] Abcg1: log2FC=-5.153 padj=0.141  —— 肝细胞几乎不表达(snRNA 检出 2.3%,bulk baseMean 4),log2FC 不可靠
[16:46:25]   [移出] Nr1h3: log2FC=-0.894 padj=0.000111  —— LXRα 是转录因子,不是外排执行者(v4 已移出,方向 −0.894 padj 1.1e-4)
[16:46:25]             program    gene  baseMean  log2FC          padj direction
[16:46:25]      LDLR_clearance    Ldlr    1372.9  -0.645  5.544408e-02         ↓
[16:46:25]      LDLR_clearance   Vldlr      15.1  -3.482  8.482355e-03         ↓
[16:46:25]      LDLR_clearance    Lrp1   24391.7  -0.181  5.665397e-01         ↓
[16:46:25]      LDLR_clearance Ldlrap1     153.1  -1.155  1.697428e-03         ↓
[16:46:25]      LDLR_clearance  Lrpap1     326.6  -0.022  9.709351e-01         ≈
[16:46:25]      Scavenger_SR_B  Scarb1    1419.6   0.722  6.098051e-03         ↑
[16:46:25]      Scavenger_SR_B    Cd36     294.4   0.765  5.670817e-02         ↑
[16:46:25]        FA_transport Slc27a1      40.1  -0.134  8.976715e-01         ↓
[16:46:25]        FA_transport Slc27a2   11477.3  -0.478  4.256607e-03         ↓
[16:46:25]        FA_transport Slc27a4     152.3  -1.008  7.075154e-03         ↓
[16:46:25]        FA_transport Slc27a5    5540.2   0.164  5.898687e-01         ↑
[16:46:25]        FA_transport   Fabp1   21005.9  -0.309  4.169783e-01         ↓
[16:46:25]          HDL_efflux   Abca1   17942.8   2.999 2.989120e-109         ↑
[16:46:25]          HDL_efflux    Pltp     293.8  -0.282  6.586897e-01         ↓
[16:46:25]   Biliary_excretion   Abcg5     232.7   0.073  9.164004e-01         ≈
[16:46:25]   Biliary_excretion   Abcg8     211.3  -1.039  9.543436e-03         ↓
[16:46:25]   Biliary_excretion  Abcb11    4905.7  -0.387  7.130161e-02         ↓
[16:46:25]   Biliary_excretion   Abcb4    2344.0  -0.949  8.107791e-06         ↓
[16:46:25]   Biliary_excretion   Abcc2    3167.0  -1.379  6.706880e-11         ↓
[16:46:25]   Biliary_excretion  Atp8b1     831.4  -0.586  2.541547e-02         ↓
[16:46:25]     Bile_acid_synth  Cyp7a1    2162.0  -7.757  3.256374e-08         ↓
[16:46:25]     Bile_acid_synth  Cyp8b1    4082.0  -2.289  1.690760e-13         ↓
[16:46:25]     Bile_acid_synth Cyp27a1    3464.5  -0.145  6.761009e-01         ↓
[16:46:25]             (已移出程序)    Lipc    1045.3   0.147  5.778839e-01         ↑
[16:46:25]             (已移出程序)   Abcg1       3.8  -5.153  1.406549e-01         ↓
[16:46:25]             (已移出程序)   Nr1h3     506.5  -0.894  1.114116e-04         ↓
[16:46:25]
[16:46:25] ================================================================================================
[16:46:25] 程序内部方向一致性检查(bulk):均值掩盖异质性的地方必须标出来
[16:46:25] ================================================================================================
[16:46:25]   FAO                    n=12  上调  1 / 下调 11 / 平  0   一致率   92%
[16:46:25]   Peroxisome             n=11  上调  2 / 下调  8 / 平  1   一致率   73%
[16:46:25]   Lipogenesis            n= 9  上调  7 / 下调  2 / 平  0   一致率   78%
[16:46:25]   Cholesterol_synth      n=15  上调  5 / 下调  8 / 平  2   一致率   53%   ⚠️ 内部方向不一致,均值不可解释
[16:46:25]         Hmgcs1      -0.506  padj=0.193 ns
[16:46:25]         Hmgcr       +0.494  padj=0.199 ns
[16:46:25]         Mvd         -1.194  padj=0.0212 *
[16:46:25]         Mvk         -0.755  padj=0.138 ns
[16:46:25]         Fdps        +0.346  padj=0.769 ns
[16:46:25]         Fdft1       -0.598  padj=0.112 ns
[16:46:25]         Sqle        +0.680  padj=0.09 ns
[16:46:25]         Lss         +0.346  padj=0.501 ns
[16:46:25]         Cyp51       -0.005  padj=0.993 ns
[16:46:25]         Msmo1       -0.647  padj=0.0861 ns
[16:46:25]         Nsdhl       -0.011  padj=0.988 ns
[16:46:25]         Sc5d        -0.877  padj=0.00209 **
[16:46:25]         Dhcr7       +0.164  padj=0.796 ns
[16:46:25]         Dhcr24      -1.319  padj=0.0128 *
[16:46:25]         Idi1        -0.516  padj=0.19 ns
[16:46:25]   Lipoprotein_assembly   n= 9  上调  4 / 下调  2 / 平  3   一致率   44%   ⚠️ 内部方向不一致,均值不可解释
[16:46:25]         Apob        +0.333  padj=0.0775 ns
[16:46:25]         Mttp        -0.165  padj=0.57 ns
[16:46:25]         Tm6sf2      +0.098  padj=0.908 ns
[16:46:25]         Sar1b       -0.053  padj=0.908 ns
[16:46:25]         Apoa1       +0.291  padj=0.346 ns
[16:46:25]         Apoa2       +0.081  padj=0.753 ns
[16:46:25]         Apoa4       +0.295  padj=0.803 ns
[16:46:25]         Apoc3       +0.207  padj=0.47 ns
[16:46:25]         Apoe        -0.134  padj=0.546 ns
[16:46:25]   LDLR_clearance         n= 5  上调  0 / 下调  4 / 平  1   一致率   80%
[16:46:25]         Ldlr        -0.645  padj=0.0554 ns
[16:46:25]         Vldlr       -3.482  padj=0.00848 **
[16:46:25]         Lrp1        -0.181  padj=0.567 ns
[16:46:25]         Ldlrap1     -1.155  padj=0.0017 **
[16:46:25]         Lrpap1      -0.022  padj=0.971 ns
[16:46:25]   FA_transport           n= 5  上调  1 / 下调  4 / 平  0   一致率   80%
[16:46:25]         Slc27a1     -0.134  padj=0.898 ns
[16:46:25]         Slc27a2     -0.478  padj=0.00426 **
[16:46:25]         Slc27a4     -1.008  padj=0.00708 **
[16:46:25]         Slc27a5     +0.164  padj=0.59 ns
[16:46:25]         Fabp1       -0.309  padj=0.417 ns
[16:46:25]   Biliary_excretion      n= 6  上调  0 / 下调  5 / 平  1   一致率   83%
[16:46:25]         Abcg5       +0.073  padj=0.916 ns
[16:46:25]         Abcg8       -1.039  padj=0.00954 **
[16:46:25]         Abcb11      -0.387  padj=0.0713 ns
[16:46:25]         Abcb4       -0.949  padj=8.11e-06 ***
[16:46:25]         Abcc2       -1.379  padj=6.71e-11 ***
[16:46:25]         Atp8b1      -0.586  padj=0.0254 *
[16:46:25]   Bile_acid_synth        n= 3  上调  0 / 下调  3 / 平  0   一致率  100%
[16:46:25]         Cyp7a1      -7.757  padj=3.26e-08 ***
[16:46:25]         Cyp8b1      -2.289  padj=1.69e-13 ***
[16:46:25]         Cyp27a1     -0.145  padj=0.676 ns
[16:46:25]   Lipid_peroxidation     n= 8  上调  4 / 下调  1 / 平  3   一致率   50%   ⚠️ 内部方向不一致,均值不可解释
[16:46:25]         Gpx4        +0.097  padj=0.773 ns
[16:46:25]         Slc7a11     +6.973  padj=0.00421 **
[16:46:25]         Acsl4       +0.348  padj=0.148 ns
[16:46:25]         Hmox1       +3.271  padj=6.11e-06 ***
[16:46:25]         Fth1        +0.637  padj=0.00142 **
[16:46:25]         Ftl1        +0.065  padj=0.837 ns
[16:46:25]         Tfrc        -0.079  padj=0.924 ns
[16:46:25]         Nqo1        -0.985  padj=0.318 ns
[16:46:25]
[16:46:25] ================================================================================================
[16:46:25] 全部完成,用时 10s
[16:46:25] ================================================================================================
