[19:04:25] 肝细胞 59,121  基因 40,879   [来自 data/proc/hep_consensus.h5ad]
[19:04:25] AUCell: auc_max = 2043 (top 5%)
[19:04:25] 程序基因检出率检查:
[19:04:25]   FAO                    12/12 匹配  平均检出率  38.3%
[19:04:26]   Peroxisome             11/11 匹配  平均检出率  39.3%
[19:04:26]   Lipogenesis             9/9  匹配  平均检出率  31.3%
[19:04:27]   Cholesterol_synth      15/15 匹配  平均检出率  36.7%
[19:04:27]   Lipoprotein_assembly    9/9  匹配  平均检出率  63.8%
[19:04:28]   LDLR_clearance          5/5  匹配  平均检出率  30.2%
[19:04:28]   Scavenger_SR_B          2/2  匹配  平均检出率  26.3%
[19:04:28]   FA_transport            5/5  匹配  平均检出率  39.7%
[19:04:28]   HDL_efflux              2/2  匹配  平均检出率  34.4%
[19:04:28]   Biliary_excretion       6/6  匹配  平均检出率  52.2%
[19:04:28]   Bile_acid_synth         3/3  匹配  平均检出率  46.4%
[19:04:29]   Lipid_peroxidation     10/10 匹配  平均检出率  26.8%
[19:04:31] 细胞内秩计算完成 (2.1s)
[19:04:33] [save] data/proc/aucell_v2.csv  (12 个程序)
[19:04:33]
[19:04:33] ================================================================================================
[19:04:33] 程序层(snRNA, 9 个程序):每样本点值 / 变化幅度 / 分离度 / 样本层置换 p
[19:04:33] ================================================================================================
[19:04:33]                         sham_mean  clp_mean  pct_change   CLP_1   CLP_2   CLP_3  Sham_1  Sham_2          separation  perm_p  perm_min_p  cell_AUC
[19:04:33]   program                                                                                                                                        
[19:04:33]   FAO                      0.1983    0.1403      -29.26  0.1201  0.1025  0.1983  0.1841  0.2125                 有重叠     0.3         0.1     0.339
[19:04:33]   Peroxisome               0.2686    0.2676       -0.37  0.2357  0.2684  0.2987  0.2299  0.3073                 有重叠     1.0         0.1     0.608
[19:04:33]   Lipogenesis              0.1170    0.1799       53.82  0.1665  0.2194  0.1539  0.0906  0.1433  完全分离(CLP 全高于 Sham)     0.2         0.1     0.763
[19:04:33]   Cholesterol_synth        0.0857    0.2428      183.40  0.2437  0.2288  0.2559  0.1542  0.0172  完全分离(CLP 全高于 Sham)     0.1         0.1     0.776
[19:04:33]   Lipoprotein_assembly     0.5541    0.4559      -17.72  0.4226  0.3868  0.5584  0.5280  0.5802                 有重叠     0.3         0.1     0.290
[19:04:33]   LDLR_clearance           0.1359    0.1852       36.33  0.1650  0.1988  0.1920  0.1852  0.0866                 有重叠     0.3         0.1     0.549
[19:04:33]   Scavenger_SR_B           0.0940    0.1328       41.36  0.1453  0.1306  0.1226  0.0856  0.1023  完全分离(CLP 全高于 Sham)     0.1         0.1     0.591
[19:04:33]   FA_transport             0.3512    0.1833      -47.81  0.1611  0.1457  0.2431  0.3553  0.3471  完全分离(CLP 全低于 Sham)     0.1         0.1     0.157
[19:04:33]   HDL_efflux               0.1709    0.3959      131.59  0.3701  0.4089  0.4086  0.1608  0.1810  完全分离(CLP 全高于 Sham)     0.1         0.1     0.842
[19:04:33]   Biliary_excretion        0.3634    0.3751        3.22  0.3718  0.4378  0.3157  0.2767  0.4501                 有重叠     0.9         0.1     0.657
[19:04:33]   Bile_acid_synth          0.3851    0.1694      -56.03  0.1755  0.2329  0.0997  0.5021  0.2682  完全分离(CLP 全低于 Sham)     0.1         0.1     0.150
[19:04:33]   Lipid_peroxidation       0.1831    0.1403      -23.40  0.1484  0.0705  0.2019  0.1632  0.2031                 有重叠     0.4         0.1     0.380
[19:04:33]
[19:04:33] ================================================================================================
[19:04:33] 独立 bulk 队列(GSE311736, n=4 vs 4):程序层竞争性基因集检验
[19:04:33] ================================================================================================
[19:04:33]                program  n  mean_log2FC  median_log2FC  bg_median  p_gene_set
[19:04:33]                    FAO 12       -0.421         -0.452       0.01    0.038205
[19:04:33]             Peroxisome 11       -0.577         -0.383       0.01    0.065095
[19:04:33]            Lipogenesis  9        0.850          1.001       0.01    0.045080
[19:04:33]      Cholesterol_synth 15       -0.293         -0.506       0.01    0.213370
[19:04:33]   Lipoprotein_assembly  9        0.106          0.098       0.01    0.645970
[19:04:33]         LDLR_clearance  5       -1.097         -0.645       0.01    0.072866
[19:04:33]         Scavenger_SR_B  2          NaN            NaN        NaN         NaN
[19:04:33]           FA_transport  5       -0.353         -0.309       0.01    0.303075
[19:04:33]             HDL_efflux  2          NaN            NaN        NaN         NaN
[19:04:33]      Biliary_excretion  6       -0.711         -0.768       0.01    0.050326
[19:04:33]        Bile_acid_synth  3       -3.397         -2.289       0.01    0.046072
[19:04:33]     Lipid_peroxidation  8        1.291          0.223       0.01    0.203487
[19:04:33]
[19:04:33] ================================================================================================
[19:04:33] 拆分后两条摄取通路的单基因 bulk 结果(GSE311736)
[19:04:33] ================================================================================================
[19:04:33]   [移出] Lipc: log2FC=+0.147 padj=0.578  —— 肝脂肪酶:分泌型,窦周间隙水解脂蛋白 TG,不属肝细胞摄取机器
[19:04:33]   [移出] Abcg1: log2FC=-5.153 padj=0.141  —— 肝细胞几乎不表达(snRNA 检出 2.3%,bulk baseMean 4),log2FC 不可靠
[19:04:33]   [移出] Nr1h3: log2FC=-0.894 padj=0.000111  —— LXRα 是转录因子,不是外排执行者(v4 已移出,方向 −0.894 padj 1.1e-4)
[19:04:33]             program    gene  baseMean  log2FC          padj direction
[19:04:33]      LDLR_clearance    Ldlr    1372.9  -0.645  5.544408e-02         ↓
[19:04:33]      LDLR_clearance   Vldlr      15.1  -3.482  8.482355e-03         ↓
[19:04:33]      LDLR_clearance    Lrp1   24391.7  -0.181  5.665397e-01         ↓
[19:04:33]      LDLR_clearance Ldlrap1     153.1  -1.155  1.697428e-03         ↓
[19:04:33]      LDLR_clearance  Lrpap1     326.6  -0.022  9.709351e-01         ≈
[19:04:33]      Scavenger_SR_B  Scarb1    1419.6   0.722  6.098051e-03         ↑
[19:04:33]      Scavenger_SR_B    Cd36     294.4   0.765  5.670817e-02         ↑
[19:04:33]        FA_transport Slc27a1      40.1  -0.134  8.976715e-01         ↓
[19:04:33]        FA_transport Slc27a2   11477.3  -0.478  4.256607e-03         ↓
[19:04:33]        FA_transport Slc27a4     152.3  -1.008  7.075154e-03         ↓
[19:04:33]        FA_transport Slc27a5    5540.2   0.164  5.898687e-01         ↑
[19:04:33]        FA_transport   Fabp1   21005.9  -0.309  4.169783e-01         ↓
[19:04:33]          HDL_efflux   Abca1   17942.8   2.999 2.989120e-109         ↑
[19:04:33]          HDL_efflux    Pltp     293.8  -0.282  6.586897e-01         ↓
[19:04:33]   Biliary_excretion   Abcg5     232.7   0.073  9.164004e-01         ≈
[19:04:33]   Biliary_excretion   Abcg8     211.3  -1.039  9.543436e-03         ↓
[19:04:33]   Biliary_excretion  Abcb11    4905.7  -0.387  7.130161e-02         ↓
[19:04:33]   Biliary_excretion   Abcb4    2344.0  -0.949  8.107791e-06         ↓
[19:04:33]   Biliary_excretion   Abcc2    3167.0  -1.379  6.706880e-11         ↓
[19:04:33]   Biliary_excretion  Atp8b1     831.4  -0.586  2.541547e-02         ↓
[19:04:33]     Bile_acid_synth  Cyp7a1    2162.0  -7.757  3.256374e-08         ↓
[19:04:33]     Bile_acid_synth  Cyp8b1    4082.0  -2.289  1.690760e-13         ↓
[19:04:33]     Bile_acid_synth Cyp27a1    3464.5  -0.145  6.761009e-01         ↓
[19:04:33]             (已移出程序)    Lipc    1045.3   0.147  5.778839e-01         ↑
[19:04:33]             (已移出程序)   Abcg1       3.8  -5.153  1.406549e-01         ↓
[19:04:33]             (已移出程序)   Nr1h3     506.5  -0.894  1.114116e-04         ↓
[19:04:33]
[19:04:33] ================================================================================================
[19:04:33] 程序内部方向一致性检查(bulk):均值掩盖异质性的地方必须标出来
[19:04:33] ================================================================================================
[19:04:33]   FAO                    n=12  上调  1 / 下调 11 / 平  0   一致率   92%
[19:04:33]   Peroxisome             n=11  上调  2 / 下调  8 / 平  1   一致率   73%
[19:04:33]   Lipogenesis            n= 9  上调  7 / 下调  2 / 平  0   一致率   78%
[19:04:33]   Cholesterol_synth      n=15  上调  5 / 下调  8 / 平  2   一致率   53%   ⚠️ 内部方向不一致,均值不可解释
[19:04:33]         Hmgcs1      -0.506  padj=0.193 ns
[19:04:33]         Hmgcr       +0.494  padj=0.199 ns
[19:04:33]         Mvd         -1.194  padj=0.0212 *
[19:04:33]         Mvk         -0.755  padj=0.138 ns
[19:04:33]         Fdps        +0.346  padj=0.769 ns
[19:04:33]         Fdft1       -0.598  padj=0.112 ns
[19:04:33]         Sqle        +0.680  padj=0.09 ns
[19:04:33]         Lss         +0.346  padj=0.501 ns
[19:04:33]         Cyp51       -0.005  padj=0.993 ns
[19:04:33]         Msmo1       -0.647  padj=0.0861 ns
[19:04:33]         Nsdhl       -0.011  padj=0.988 ns
[19:04:33]         Sc5d        -0.877  padj=0.00209 **
[19:04:33]         Dhcr7       +0.164  padj=0.796 ns
[19:04:33]         Dhcr24      -1.319  padj=0.0128 *
[19:04:33]         Idi1        -0.516  padj=0.19 ns
[19:04:33]   Lipoprotein_assembly   n= 9  上调  4 / 下调  2 / 平  3   一致率   44%   ⚠️ 内部方向不一致,均值不可解释
[19:04:33]         Apob        +0.333  padj=0.0775 ns
[19:04:33]         Mttp        -0.165  padj=0.57 ns
[19:04:33]         Tm6sf2      +0.098  padj=0.908 ns
[19:04:33]         Sar1b       -0.053  padj=0.908 ns
[19:04:33]         Apoa1       +0.291  padj=0.346 ns
[19:04:33]         Apoa2       +0.081  padj=0.753 ns
[19:04:33]         Apoa4       +0.295  padj=0.803 ns
[19:04:33]         Apoc3       +0.207  padj=0.47 ns
[19:04:33]         Apoe        -0.134  padj=0.546 ns
[19:04:33]   LDLR_clearance         n= 5  上调  0 / 下调  4 / 平  1   一致率   80%
[19:04:33]         Ldlr        -0.645  padj=0.0554 ns
[19:04:33]         Vldlr       -3.482  padj=0.00848 **
[19:04:33]         Lrp1        -0.181  padj=0.567 ns
[19:04:33]         Ldlrap1     -1.155  padj=0.0017 **
[19:04:33]         Lrpap1      -0.022  padj=0.971 ns
[19:04:33]   FA_transport           n= 5  上调  1 / 下调  4 / 平  0   一致率   80%
[19:04:33]         Slc27a1     -0.134  padj=0.898 ns
[19:04:33]         Slc27a2     -0.478  padj=0.00426 **
[19:04:33]         Slc27a4     -1.008  padj=0.00708 **
[19:04:33]         Slc27a5     +0.164  padj=0.59 ns
[19:04:33]         Fabp1       -0.309  padj=0.417 ns
[19:04:33]   Biliary_excretion      n= 6  上调  0 / 下调  5 / 平  1   一致率   83%
[19:04:33]         Abcg5       +0.073  padj=0.916 ns
[19:04:33]         Abcg8       -1.039  padj=0.00954 **
[19:04:33]         Abcb11      -0.387  padj=0.0713 ns
[19:04:33]         Abcb4       -0.949  padj=8.11e-06 ***
[19:04:33]         Abcc2       -1.379  padj=6.71e-11 ***
[19:04:33]         Atp8b1      -0.586  padj=0.0254 *
[19:04:33]   Bile_acid_synth        n= 3  上调  0 / 下调  3 / 平  0   一致率  100%
[19:04:33]         Cyp7a1      -7.757  padj=3.26e-08 ***
[19:04:33]         Cyp8b1      -2.289  padj=1.69e-13 ***
[19:04:33]         Cyp27a1     -0.145  padj=0.676 ns
[19:04:33]   Lipid_peroxidation     n= 8  上调  4 / 下调  1 / 平  3   一致率   50%   ⚠️ 内部方向不一致,均值不可解释
[19:04:33]         Gpx4        +0.097  padj=0.773 ns
[19:04:33]         Slc7a11     +6.973  padj=0.00421 **
[19:04:33]         Acsl4       +0.348  padj=0.148 ns
[19:04:33]         Hmox1       +3.271  padj=6.11e-06 ***
[19:04:33]         Fth1        +0.637  padj=0.00142 **
[19:04:33]         Ftl1        +0.065  padj=0.837 ns
[19:04:33]         Tfrc        -0.079  padj=0.924 ns
[19:04:33]         Nqo1        -0.985  padj=0.318 ns
[19:04:33]
[19:04:33] ================================================================================================
[19:04:33] 全部完成,用时 9s
[19:04:33] ================================================================================================
