[16:24:44] 肝细胞 67,145  基因 40,879
[16:24:44] 原生深度: 中位 3,146 UMI/核
[16:24:44]     liver_02   CLP   中位    4,981  n=10,919
[16:24:44]     liver_06   CLP   中位    8,655  n=11,802
[16:24:44]     liver_10   CLP   中位    6,804  n=10,229
[16:24:44]     liver_14   Sham  中位    1,813  n=28,331
[16:24:44]     liver_18   Sham  中位    7,938  n= 5,864
[16:24:44]
[16:24:44] 原生深度打分 ...
[16:24:49]   打分完成 4.5s (auc_max=2043)
[16:24:49] 降采样到 1,500 UMI 后打分 ...
[16:24:54]   打分完成 1.7s (auc_max=2043)
[16:24:54]
[16:24:54] ========================================================================================
[16:24:54] program                    原生 %Δ     降采样 1500 %Δ   方向一致?
[16:24:54] ========================================================================================
[16:24:54]   FAO                        -30.2           -36.7   ✓
[16:24:54]   Peroxisome                  -0.1           -12.9   ✓
[16:24:54]   Lipogenesis                 54.8            27.8   ✓
[16:24:54]   Cholesterol_synth          161.6           101.0   ✓
[16:24:54]   Lipoprotein_assembly       -16.7           -26.8   ✓
[16:24:54]   LDLR_clearance              30.3            -1.1   ✗ 翻转
[16:24:54]   Scavenger_SR_B              33.3            26.4   ✓
[16:24:54]   FA_transport               -49.5           -62.1   ✓
[16:24:54]   Efflux                      -2.1           -20.7   ✓
[16:24:54]   Lipid_peroxidation         -24.5           -32.8   ✓
[16:24:54] 
[save] data/proc/split_depthcheck.csv
[16:24:54]
[16:24:54] ========================================================================================
[16:24:54] 判读
[16:24:54] ========================================================================================
[16:24:54]   ⚠️ LDLR_clearance: 原生 +30.3% → 降采样 -1.1%,方向翻转,说明**原生结果是深度伪影**,应以 bulk 为准。
[16:24:54]   方向一致 9/10 条程序
