[16:47:20] 肝细胞 67,145  基因 40,879
[16:47:20] 原生深度: 中位 3,146 UMI/核
[16:47:20]     liver_02   CLP   中位    4,981  n=10,919
[16:47:20]     liver_06   CLP   中位    8,655  n=11,802
[16:47:20]     liver_10   CLP   中位    6,804  n=10,229
[16:47:20]     liver_14   Sham  中位    1,813  n=28,331
[16:47:20]     liver_18   Sham  中位    7,938  n= 5,864
[16:47:20]
[16:47:20] 原生深度打分 ...
[16:47:25]   打分完成 4.8s (auc_max=2043)
[16:47:25] 降采样到 1,500 UMI 后打分 ...
[16:47:31]   打分完成 1.8s (auc_max=2043)
[16:47:31]
[16:47:31] ========================================================================================
[16:47:31] program                    原生 %Δ     降采样 1500 %Δ   方向一致?
[16:47:31] ========================================================================================
[16:47:31]   FAO                        -30.2           -36.7   ✓
[16:47:31]   Peroxisome                  -0.1           -12.9   ✓
[16:47:31]   Lipogenesis                 54.8            27.8   ✓
[16:47:31]   Cholesterol_synth          161.6           101.0   ✓
[16:47:31]   Lipoprotein_assembly       -18.9           -30.5   ✓
[16:47:31]   LDLR_clearance              30.3            -1.1   ✗ 翻转
[16:47:31]   Scavenger_SR_B              33.3            26.4   ✓
[16:47:31]   FA_transport               -49.5           -62.1   ✓
[16:47:31]   HDL_efflux                 118.5           150.8   ✓
[16:47:31]   Biliary_excretion            4.3           -11.8   ✗ 翻转
[16:47:31]   Bile_acid_synth            -58.0           -69.1   ✓
[16:47:31]   Lipid_peroxidation         -24.5           -32.8   ✓
[16:47:31] 
[save] data/proc/split_depthcheck.csv
[16:47:31]
[16:47:31] ========================================================================================
[16:47:31] 判读
[16:47:31] ========================================================================================
[16:47:31]   ⚠️ LDLR_clearance: 原生 +30.3% → 降采样 -1.1%,方向翻转,说明**原生结果是深度伪影**,应以 bulk 为准。
[16:47:31]   ⚠️ Biliary_excretion: 原生 +4.3% → 降采样 -11.8%,方向翻转,说明**原生结果是深度伪影**,应以 bulk 为准。
[16:47:31]   方向一致 10/12 条程序
