[19:05:20] 肝细胞 59,121  基因 40,879
[19:05:20] 原生深度: 中位 3,116 UMI/核
[19:05:20]     liver_02   CLP   中位    5,012  n= 8,057
[19:05:20]     liver_06   CLP   中位    9,367  n= 9,659
[19:05:20]     liver_10   CLP   中位    7,275  n= 8,673
[19:05:20]     liver_14   Sham  中位    1,812  n=28,174
[19:05:20]     liver_18   Sham  中位    9,773  n= 4,558
[19:05:20]
[19:05:20] 原生深度打分 ...
[19:05:24]   打分完成 4.3s (auc_max=2043)
[19:05:24] 降采样到 1,500 UMI 后打分 ...
[19:05:30]   打分完成 1.6s (auc_max=2043)
[19:05:30]
[19:05:30] ========================================================================================
[19:05:30] program                    原生 %Δ     降采样 1500 %Δ   方向一致?
[19:05:30] ========================================================================================
[19:05:30]   FAO                        -29.3           -35.7   ✓
[19:05:30]   Peroxisome                  -0.4           -12.0   ✓
[19:05:30]   Lipogenesis                 53.8            29.5   ✓
[19:05:30]   Cholesterol_synth          183.4           115.7   ✓
[19:05:30]   Lipoprotein_assembly       -17.7           -29.2   ✓
[19:05:30]   LDLR_clearance              36.3             2.9   ✓
[19:05:30]   Scavenger_SR_B              41.4            24.5   ✓
[19:05:30]   FA_transport               -47.8           -60.9   ✓
[19:05:30]   HDL_efflux                 131.6           173.1   ✓
[19:05:30]   Biliary_excretion            3.2           -11.7   ✗ 翻转
[19:05:30]   Bile_acid_synth            -56.0           -67.5   ✓
[19:05:30]   Lipid_peroxidation         -23.4           -32.2   ✓
[19:05:30] 
[save] data/proc/split_depthcheck.csv
[19:05:30]
[19:05:30] ========================================================================================
[19:05:30] 判读
[19:05:30] ========================================================================================
[19:05:30]   ⚠️ Biliary_excretion: 原生 +3.2% → 降采样 -11.7%,方向翻转,说明**原生结果是深度伪影**,应以 bulk 为准。
[19:05:30]   方向一致 11/12 条程序
