肝细胞 67,145  基因 40,879
zonation index 载入 67,145

========================================================================================================
Q1/Q2  Efflux 相关基因的检出率、区带梯度与两层差异方向
========================================================================================================
group             gene           检出率  ρ(zone)   snRNA    bulk  bulk padj  baseMean
HDL_efflux        Abca1        65.0%   -0.073   0.944   2.999  2.99e-109     17943  
HDL_efflux        Abcg1         2.3%    0.056  -0.582  -5.153      0.141         4  
HDL_efflux        Pltp          5.1%    0.059  -0.147  -0.282      0.659       294  
Biliary_sterol    Abcg5        25.4%   -0.077  -0.572   0.073      0.916       233  
Biliary_sterol    Abcg8        27.4%   -0.053  -0.826  -1.039    0.00954       211  
Biliary_sterol    Abcb11       62.0%   -0.224  -0.004  -0.387     0.0713      4906  
Biliary_sterol    Abcb4        62.0%   -0.113  -0.105  -0.949   8.11e-06      2344  
Biliary_sterol    Abcc2        85.2%   -0.111  -0.119  -1.379   6.71e-11      3167  
Biliary_sterol    Atp8b1       43.2%   -0.160   1.423  -0.586     0.0254       831  
Bile_acid_synth   Cyp7a1       39.8%    0.163  -2.645  -7.757   3.26e-08      2162  
Bile_acid_synth   Cyp8b1       25.6%    0.015  -1.620  -2.289   1.69e-13      4082  
Bile_acid_synth   Cyp27a1      65.0%    0.044  -0.585  -0.145      0.676      3464  
Nuclear_receptor  Nr1h3        27.9%   -0.037  -0.344  -0.894   0.000111       506  
Nuclear_receptor  Nr1h2        16.0%    0.011  -0.529   0.489       0.23       259  
Nuclear_receptor  Nr1h4        83.2%   -0.129  -0.104  -1.678      2e-12      1002  
Zone_ref          Glul         28.9%    0.293  -2.055  -0.163      0.757      9130  
Zone_ref          Cyp2e1       82.0%    0.330  -0.811  -1.560   1.97e-08     39002  
Zone_ref          Ass1         72.5%   -0.387  -0.614   0.333      0.198     12095  
Zone_ref          Cps1         96.6%   -0.332  -0.177   0.045      0.916     51878  
Zone_ref          Pck1         96.1%   -0.238  -0.215  -1.407      0.124     13253  
Apo_ref           Apoe         94.8%    0.172  -0.481  -0.134      0.546    171466  
Apo_ref           Apob         85.0%   -0.109   0.122   0.333     0.0775    143303  
Apo_ref           Apoa1        97.7%    0.109  -0.066   0.291      0.346     82926  

[save] data/proc/efflux_anatomy.csv
[save] data/proc/efflux_zonation_bin.csv

========================================================================================================
Q3  Abca1 与 Abcg8 在同一批细胞里共表达吗?
========================================================================================================
  细胞层 Pearson r(Abca1, Abcg8) = -0.0262
  同时检出比例                  = 20.5%
  仅 Abca1+                     = 44.5%
  仅 Abcg8+                     = 6.9%
    Sham: r = +0.0281   共检出 15.8%
    CLP: r = +0.0686   共检出 25.4%
[save] figures/FigS_efflux_anatomy.pdf
[save] figures/FigS_efflux_anatomy.png

========================================================================================================
判读提示(看完上表再决定怎么拆)
========================================================================================================
  若 HDL 侧与胆汁侧的 rho_zonation 明显不同号 / 不同量级,
  或 Abca1 与 Abcg8 共表达 r 很低,则**合并打分在细胞层面不成立**,必须拆。
