肝细胞 67,145  基因 40,879

========================================================================================
Q1  降采样到统一 1,500 UMI 后,两组的检出基因数差异是否仍然存在?
========================================================================================
  组         中位 UMI    中位 n_genes   (原生)
  Sham       1,859         1,308
  CLP        6,470         2,816

  组         中位 UMI    中位 n_genes   (降采样 1,500)
  Sham       2,407         1,094
  CLP        2,213           992

  CLP/Sham 检出基因数之比: 原生 2.15x  ->  降采样后 0.91x
  → 降采样已基本抹平检测灵敏度差异。

========================================================================================
Q2  各程序 AUCell 分数与每细胞检出基因数的相关(|r| 大 = 秩稀释嫌疑)
========================================================================================
  program                   r(n_genes)    snRNA校正%    bulk p
  FAO                            0.005       -36.7     0.038
  Peroxisome                     0.527       -12.9     0.065
  Lipogenesis                    0.485        27.8     0.045
  Cholesterol_synth              0.280       101.0     0.213
  Lipoprotein_assembly          -0.032       -30.5     0.646
  LDLR_clearance                 0.222        -1.1     0.073
  Scavenger_SR_B                 0.099        26.4       n<3
  FA_transport                  -0.149       -62.0     0.303
  HDL_efflux                     0.424       150.8       n<3
  Biliary_excretion              0.614       -11.8     0.050
  Bile_acid_synth               -0.183       -69.1     0.046
  Lipid_peroxidation            -0.055       -32.8     0.203

  秩稀释嫌疑最大的三个程序: Biliary_excretion (r=+0.614), Peroxisome (r=+0.527), Lipogenesis (r=+0.485)

========================================================================================
Q3  Lipoprotein_assembly 按检出基因数分层后,组间差异是否消失?
========================================================================================
  重叠区间 n_genes ∈ [1023, 4409], 覆盖 54,285 细胞 (80.8%)

  层           n_genes 范围     Sham 均值      CLP 均值        差值     n(Sham/CLP)
  0          [1023-1241]      0.5121      0.3829   -0.1291   9,455/1,381  
  1          [1242-1384]      0.5238      0.3675   -0.1563   9,847/1,021  
  2          [1385-2193]      0.5376      0.3983   -0.1393   6,035/4,823  
  3          [2194-3136]      0.5584      0.4398   -0.1186   3,345/7,515  
  4          [3137-4409]      0.5788      0.4492   -0.1296   2,108/8,755  
  --           未分层(同批细胞)      0.5304      0.4283   -0.1021

  分层内差值均值 = -0.1346; 未分层差值 = -0.1021
  → 分层后差异仍在,秩稀释解释不成立,需另找原因。

========================================================================================
结论提示
========================================================================================
  无论机制如何, decisive evidence 是 C3:独立队列(n=4 vs 4,有足够
  统计能力)中该程序 9 个基因**无一 padj<0.05**,程序级 p = 0.646。
  → 以 bulk 为准:Lipoprotein_assembly 在脓毒症下**无可检出的转录改变**。
  → snRNA 层的 -30.5% 应归因于方法学因素,不作为结论。
