肝细胞 67,145; bulk 差异表 14,426 基因; 程序 12 条
[save] figures/Fig3_lipid_reprogramming.pdf
[save] figures/Fig3_lipid_reprogramming.png
[save] figures/FigS_zonation_negative.pdf
[save] figures/FigS_zonation_negative.png

============================================================================================
出图完成。12 条程序层间一致性归账:
============================================================================================
  program                  snRNA(校正)  bulk mean  geneset p   判定
  FAO                          -36.7     -0.421      0.038   ✓✓
  Peroxisome                   -12.9     -0.577      0.065   ✓
  Lipogenesis                   27.8      0.850      0.045   ✓✓
  Cholesterol_synth            101.0     -0.293      0.213   ✗
  Lipoprotein_assembly         -30.5      0.106      0.646   ✗
  LDLR_clearance                -1.1     -1.097      0.073   ✓
  Scavenger_SR_B                26.4      0.743        n<3   ✓
  FA_transport                 -62.0     -0.353      0.303   ✓
  HDL_efflux                   150.8      1.358        n<3   ✓
  Biliary_excretion            -11.8     -0.711      0.050   ✓
  Bile_acid_synth              -69.1     -3.397      0.046   ✓✓
  Lipid_peroxidation           -32.8      1.291      0.203   ✗

  主轴 1:外源进口关闭(LDLR 通路 + FATP) + FAO 受抑 → 脂质新生代偿激活
  主轴 2:胆汁分泌轴关闭(胆汁酸合成 + 毛细胆管转运) ↔ ABCA1 介导的 HDL
          外排极度激活 → 胆固醇出口重定向,对应脓毒症相关胆汁淤积
  冲突项(3 条)已标 ✗,不进主线:
    Cholesterol_synth / Lipid_peroxidation / Lipoprotein_assembly
============================================================================================
