原始表 20,812 行 x 18 列
去重后基因 20,810
过滤低表达后 14,062 基因
log2FC 计算完成,背景基因 14,062

========================================================================================
小鼠 → 人类 同源基因映射
========================================================================================
  FAO                      12/12 命中
  Peroxisome               10/11 命中
  Lipogenesis               7/9  命中
  Cholesterol_synth        13/15 命中
  Lipoprotein_assembly      9/9  命中
  LDLR_clearance            5/5  命中
  Scavenger_SR_B            2/2  命中
  FA_transport              5/5  命中
  HDL_efflux                2/2  命中
  Biliary_excretion         6/6  命中
  Bile_acid_synth           2/3  命中
  Lipid_peroxidation        8/10 命中

  未命中的基因 —— 区分两种情形(**关键,不能一笔带过**):
    Peroxisome               Abcd2      -> ABCD2      **表达量过低,被低表达过滤剔除**
    Lipogenesis              Scd1       -> SCD1       **基因符号在原始数据里就没有**(平台未覆盖 / 用了别名)
    Lipogenesis              Scd2       -> SCD2       **基因符号在原始数据里就没有**(平台未覆盖 / 用了别名)
    Cholesterol_synth        Cyp51      -> CYP51      **基因符号在原始数据里就没有**(平台未覆盖 / 用了别名)
    Cholesterol_synth        Sc5d       -> SC5D       **基因符号在原始数据里就没有**(平台未覆盖 / 用了别名)
    Bile_acid_synth          Cyp7a1     -> CYP7A1     **表达量过低,被低表达过滤剔除**
    Lipid_peroxidation       Alox15     -> ALOX15     **表达量过低,被低表达过滤剔除**
    Lipid_peroxidation       Ftl1       -> FTL1       **基因符号在原始数据里就没有**(平台未覆盖 / 用了别名)

  总映射成功率 81/89

========================================================================================================
程序层:人类(肝类器官, LPS/IFNγ) vs 小鼠(独立 bulk 队列, CLP)
========================================================================================================
  program                   人 n   人 mean      人 p   鼠 mean      鼠 p   snRNA%   保守?
  FAO                        12   -0.388    0.002   -0.421    0.038    -36.7   ✓ 一致
  Peroxisome                 10   -0.386    0.009   -0.577    0.065    -12.9   ✓ 一致
  Lipogenesis                 7   -1.284    0.000    0.850    0.045     27.8   ✗ 相反
  Cholesterol_synth          13   -1.720    0.000   -0.293    0.213    101.0   ✓ 一致
  Lipoprotein_assembly        9   -0.698    0.002    0.106    0.646    -30.5   ✗ 相反
  LDLR_clearance              5   -0.019    0.628   -1.097    0.073     -1.1   ✓ 一致
  FA_transport                5   -0.538    0.036   -0.353    0.303    -62.0   ✓ 一致
  Biliary_excretion           6   -0.822    0.036   -0.711    0.050    -11.8   ✓ 一致
  Lipid_peroxidation          8   -0.151    0.124    1.291    0.203    -32.8   ✗ 相反

[save] data/proc/human_program_conservation.csv

========================================================================================
关键基因:人类 vs 小鼠(同一基因的两个物种对照)
========================================================================================
  gene         人 log2FC    人 ctrl     人 sep   鼠 log2FC     鼠 padj   保守?
  CPT1A          -0.985      84.4      42.4     -0.677    0.00283   ✓
  ACADM          -0.426      43.8      32.5     -0.636    0.00559   ✓
  HADHA           0.015     145.6     147.2     -0.552    0.00941   ✗
  SLC27A2        -0.884      49.5      26.6     -0.478    0.00426   ✓
  SLC27A4         0.282       2.8       3.5     -1.008    0.00708   ✗
  LDLR            0.370     266.1     344.0     -0.645     0.0554   ✗
  VLDLR           0.555       1.6       2.7     -3.482    0.00848   ✗
  LDLRAP1        -0.251       8.2       6.8     -1.155     0.0017   ✓
  LRP1           -0.399     161.0     122.0     -0.181      0.567   ✓
  SCARB1         -0.580     219.7     146.8      0.722     0.0061   ✗
  CD36           -1.628      12.8       3.8      0.765     0.0567   ✗
  FASN           -1.983     541.2     136.5      2.192   2.05e-19   ✗
  ACACA          -0.917      49.7      26.1      1.104   2.04e-05   ✗
  ELOVL6         -1.394      74.0      27.9      1.414   2.94e-06   ✗
  ACLY           -2.228     648.7     138.0      0.666     0.0135   ✗
  CYP8B1         -1.060       7.0       3.1     -2.289   1.69e-13   ✓
  ABCB11          0.130      91.3     100.0     -0.387     0.0713   ✗
  ABCB4           0.563       7.1      10.7     -0.949   8.11e-06   ✗
  ABCC2          -1.382      65.3      24.8     -1.379   6.71e-11   ✓
  ABCG8          -1.805       6.9       1.6     -1.039    0.00954   ✓
  ABCA1           0.309     155.1     192.3      2.999  2.99e-109   ✓
  HMOX1          -0.302      71.2      57.6      3.271   6.11e-06   ✗
  SLC7A11        -0.884      56.9      30.6      6.973    0.00421   ✗
  APOB           -0.699    5229.1    3221.3      0.333     0.0775   ✗
  MTTP           -0.171     138.2     122.7     -0.165       0.57   ✓

[save] data/proc/human_gene_level.csv

========================================================================================
恢复时程:清除 LPS/IFNγ 后程序是否回到基线(人类层独有)
========================================================================================
  program                    Control    Septic      ReD1      ReD2      ReD3      回弹?
  FAO                           0.32     -0.73     -0.14      0.41      0.14        ✓
  Peroxisome                    0.49     -0.75      0.16      0.13     -0.03        ✓
  Lipogenesis                   1.29     -1.29      0.09     -0.11      0.02        ✓
  Cholesterol_synth             1.47     -0.95     -0.45     -0.15      0.08        —
  Lipoprotein_assembly          0.79     -0.86      0.26     -0.21      0.02        ✓
  LDLR_clearance               -0.62     -0.70      0.53      0.21      0.58        —
  Scavenger_SR_B                0.78     -1.04      0.32     -0.04     -0.03        ✓
  FA_transport                  0.46     -1.02      0.09     -0.03      0.50        ✓
  HDL_efflux                    0.25      0.86      0.66     -0.76     -1.00        —
  Biliary_excretion             0.21     -1.05      0.02      0.28      0.54        ✓
  Bile_acid_synth              -0.27     -0.95      0.41      0.57      0.23        —
  Lipid_peroxidation            0.61     -0.01      0.30     -0.35     -0.54        —
[save] figures/Fig5_human_conservation.pdf
[save] figures/Fig5_human_conservation.png

========================================================================================
完成。此层只给方向不给 p:人类类器官 n=2 vs 2 且同一细胞系,
属技术重复。统计由小鼠两层(snRNA 发现 + bulk n=4v4 验证)承担。
========================================================================================
