========================================================================================
未过滤原始矩阵 marker 探针(UMI >= 200 的 barcode 才计数)
========================================================================================
  liver_02 (CLP) ... UMI>=200 的 barcode 43,499
  liver_06 (CLP) ... UMI>=200 的 barcode 43,353
  liver_10 (CLP) ... UMI>=200 的 barcode 52,713
  liver_14 (Sham) ... UMI>=200 的 barcode 33,728
  liver_18 (Sham) ... UMI>=200 的 barcode 45,155
  liver_22 (Sham) ... UMI>=200 的 barcode 35,287

[save] data/proc/fig1_raw_probe.csv

================================================================================================
liver_22 排除证据:肝细胞 vs 脂肪 marker 阳性 barcode 数
================================================================================================
            肝 Alb  肝 Tat  肝 Cps1  脂 Fabp4  脂 Cfd  脂 Lpl
  sample                                               
  liver_02  37541  38187   35143     2614      5   1001
  liver_06  37248  34548   41304     1106      2   1429
  liver_10  37114  30651   19708     3380      7   1643
  liver_14  33598  31794   32165      715    128    415
  liver_18  36662  31832   35561      872     12    678
  liver_22   1124    112     124    34839  33774  28663

整合数据 84,619 细胞 / 40,879 基因
[save] figures/Fig1_overview_QC.pdf
[save] figures/Fig1_overview_QC.png

========================================================================================
完成。panel d 是本文方法学加分项:主动披露样本级数据事故,
比被审稿人发现强得多。注意 d 用的是**未过滤矩阵**的 marker 阳性
barcode 数,而不是 QC 后的细胞数 —— liver_22 标准 QC 后有 9,571 细胞,
看起来完全正常,问题在于这些细胞不是肝细胞。
========================================================================================
