全核 84,619 / 肝细胞 59,121 / 程序 12 条
[save] figures/Fig2_hepatocyte_programs.pdf
[save] figures/Fig2_hepatocyte_programs.png

========================================================================================
ambient RNA 核查(面板 b 的数字,写进 Methods):
========================================================================================
  celltype               Alb     Apoa1     Apoa2       Ttr      Mup3 Serpina1a
  Hepatocyte           99.8%     98.6%     97.0%     96.4%     88.5%     89.3%
  B                     2.7%      3.6%      2.6%     20.2%      1.6%      1.4%
  Endothelial          97.4%     93.0%     88.8%     82.7%     80.5%     77.2%
  HSC                  95.7%     89.9%     86.4%     76.7%     74.4%     70.0%
  Neutrophil           97.7%     91.8%     87.3%     83.3%     78.2%     77.2%
  T_NK                 66.7%     63.3%     62.3%     65.5%     55.0%     55.2%
  Cholangiocyte        96.0%     85.3%     80.8%     78.3%     70.4%     63.7%
  Kupffer             100.0%     97.1%     99.7%     94.5%     96.8%     86.6%
  Macrophage           50.0%     50.0%     50.0%     50.0%     50.0%      0.0%

  判读:若非肝类型的 Alb/Apoa1 检出率仍很高,则 per-cell marker 均值
        会系统性偏向 hepatocyte —— 这正是双条件判据要挡住的问题。

========================================================================================
各样本 zonation index 离散度(面板 f):
========================================================================================
  liver_02   CLP   n= 8,057  SD=0.190  IQR=0.266
  liver_06   CLP   n= 9,659  SD=0.222  IQR=0.313
  liver_10   CLP   n= 8,673  SD=0.175  IQR=0.261
  liver_14   Sham  n=28,174  SD=0.145  IQR=0.188
  liver_18   Sham  n= 4,558  SD=0.272  IQR=0.414
