细胞 84,619   判据判为肝细胞 67,145 (79.3%)

====================================================================================================
Q1/Q2  各注释类型里有多少通过了双条件判据?(污染率)
====================================================================================================
  celltype               n   is_hep      污染率   identity均值    lineage均值
  Hepatocyte        61,402   59,121    96.3%         6.55         0.41
  B                  9,266      127     1.4%         0.33         0.05
  Endothelial        5,408    3,185    58.9%         5.80         0.90
  HSC                3,392    2,384    70.3%         5.48         1.30
  Neutrophil         2,722    1,075    39.5%         5.76         2.59
  T_NK                 892      325    36.4%         4.15         1.06
  Cholangiocyte        879      779    88.6%         5.28         0.29
  Kupffer              656      149    22.7%         6.56         3.58
  Macrophage             2        0     0.0%         3.00         1.50

[save] data/proc/fig2_hep_purity.csv

  非肝类型总计 23,217 个细胞,其中 8,024 个被判为肝细胞  → 判据污染率 34.6%
  占最终肝细胞集 67,145 的 11.95%

====================================================================================================
Q3  注释为肝细胞但**未**通过判据的细胞(漏检)
====================================================================================================
  2,281 个 (3.7%)
    identity 命中均值 6.70 / 7
    lineage  命中均值 1.97 / 12
    → 这些细胞多半是低深度核(identity 基因没测够)或双细胞

====================================================================================================
Q4  被判入的非肝细胞:lineage 命中数分布(判据是否失效?)
====================================================================================================
    lineage 命中 0 个:  2,652 (33.1%)
    lineage 命中 1 个:  4,303 (53.6%)
    lineage 命中 2 个:    793 (9.9%)
    lineage 命中 3 个:    276 (3.4%)

    判据要求 lineage <= 1,故命中数应全部 <= 1。
    若出现 > 1,说明 obs['is_hep'] 与此处重算的基因集不一致,需核对。

====================================================================================================
结论判读
====================================================================================================
  ⚠️ 判据污染率 11.95% >= 5%,需收紧判据后重跑。

  注意:即便污染率低,Fig2 面板 b 的 ambient 证据仍然重要 ——
  它说明**为什么不能用 marker 均值/argmax 注释**,而必须用双条件判据。
