细胞 84,619   判据判为肝细胞 67,145
重算判据得到 67,145(与 obs 一致? True)

====================================================================================================
证据 1  同一注释类型内,is_hep=True vs False 的谱系 marker **表达水平**
  若 True 组的 marker 表达接近 0 → ambient(判据对,注释错)
  若 True 组的 marker 表达也很高 → 真·非实质细胞(判据太松,需收紧)
====================================================================================================
  celltype       gene         True 组中位    False 组中位     检出率T     检出率F
  Endothelial    Pecam1           0.00         1.64    36.1%    89.9%
  Endothelial    Cdh5             0.00         1.37    17.7%    80.8%
  HSC            Col1a1           0.00         0.00     0.1%    35.1%
  HSC            Dcn              2.48         2.38    95.1%    98.1%
  Cholangiocyte  Krt19            0.00         0.00     1.4%    23.0%
  Cholangiocyte  Epcam            0.00         1.33    22.8%    70.0%
  Neutrophil     S100a8           0.00         0.00     1.5%     7.6%
  Neutrophil     Ptprc            1.46         1.72    69.9%    96.7%
  Kupffer        Ptprc            1.62         1.80    62.4%    94.5%
  Kupffer        Cd3e             0.00         0.00     0.0%     0.8%
  T_NK           Cd3e             0.00         0.00     0.6%    15.0%
  T_NK           Ptprc            1.65         0.00    76.0%    47.6%
  Hepatocyte     Alb              2.67         2.59    99.8%    99.4%
  Hepatocyte     Tat              2.56         2.44    99.6%    99.2%

  判读:
    Endothelial     被排除组/被判入组 表达倍数 =  151.3x   → 判据对/注释错(被判入的是带 ambient 的肝细胞)
    HSC             被排除组/被判入组 表达倍数 =    1.0x   → 判据太松(真·非实质细胞混入)
    Cholangiocyte   被排除组/被判入组 表达倍数 =   67.7x   → 判据对/注释错(被判入的是带 ambient 的肝细胞)
    Neutrophil      被排除组/被判入组 表达倍数 =    1.1x   → 判据太松(真·非实质细胞混入)
    Kupffer         被排除组/被判入组 表达倍数 =    1.1x   → 判据太松(真·非实质细胞混入)
    T_NK            被排除组/被判入组 表达倍数 =    0.5x   → 判据太松(真·非实质细胞混入)

====================================================================================================
证据 2  被判入的非肝细胞在 UMAP 上落在哪里?
====================================================================================================
  Endothelial     被判入  3,185 个,落在肝细胞 90% 半径内的比例 = 2.5%
  HSC             被判入  2,384 个,落在肝细胞 90% 半径内的比例 = 1.3%
  Cholangiocyte   被判入    779 个,落在肝细胞 90% 半径内的比例 = 0.8%
  Neutrophil      被判入  1,075 个,落在肝细胞 90% 半径内的比例 = 3.4%
  Kupffer         被判入    149 个,落在肝细胞 90% 半径内的比例 = 0.0%
  T_NK            被判入    325 个,落在肝细胞 90% 半径内的比例 = 3.4%

====================================================================================================
证据 3  **收紧判据的敏感性分析** —— 12 条程序方向是否改变?
  严格判据: npos >= 4  AND  neg == 0
====================================================================================================
  宽松判据 67,145  →  严格判据 45,453 (67.7%)
  两者交集 45,453;严格判据新排除的(原判据下的肝细胞) = 21,692
  在 hep_only 的 67,145 个细胞里,严格判据保留 45,453 (67.7%)

  program                       宽松 %Δ      严格 %Δ      方向一致?
  FAO                           -30.2      -30.0          ✓
  Peroxisome                     -0.1       -0.5          ✓
  Lipogenesis                    54.8       53.2          ✓
  Cholesterol_synth             161.6      176.6          ✓
  Lipoprotein_assembly          -18.9      -18.5          ✓
  LDLR_clearance                 30.3       35.6          ✓
  Scavenger_SR_B                 33.3       42.2          ✓
  FA_transport                  -49.5      -48.5          ✓
  HDL_efflux                    118.5      132.8          ✓
  Biliary_excretion               4.3        3.3          ✓
  Bile_acid_synth               -58.0      -56.5          ✓
  Lipid_peroxidation            -24.5      -24.8          ✓

[save] data/proc/fig2_strict_sensitivity.csv

  方向一致 12/12 条程序
  → **全部方向一致**:12% 的污染不改变任何一条程序的方向,
    主结论稳健。仍应在 Methods 中披露污染率与敏感性分析。
