============================================================================================
三套肝细胞集的定义与规模
============================================================================================
  A_loose        n= 67,145   注释一致性  88.0%   CLP 32,950 / Sham 34,195
  B_consensus    n= 59,121   注释一致性 100.0%   CLP 26,389 / Sham 32,732
  C_strict       n= 43,462   注释一致性 100.0%   CLP 20,242 / Sham 23,220

[save] data/proc/hep_set_definitions.csv

  各样本肝细胞数(⚠ Sham 组最少的那个决定统计能力):
    A_loose        liver_02=10,919  liver_06=11,802  liver_10=10,229  liver_14=28,331  liver_18=5,864   Sham 最少 5,864
    B_consensus    liver_02=8,057  liver_06=9,659  liver_10=8,673  liver_14=28,174  liver_18=4,558   Sham 最少 4,558
    C_strict       liver_02=6,867  liver_06=7,866  liver_10=5,509  liver_14=20,160  liver_18=3,060   Sham 最少 3,060

hep_only 67,145  vs  loose 索引 67,145  (一致? True)
  按 obs_names 对齐成功 67,145

============================================================================================
12 条程序在三套肝细胞集下的 CLP vs Sham 方向
============================================================================================
  program                        A_loose   B_consensus      C_strict   一致?
  FAO                              -30.2         -29.3         -29.7   ✓
  Peroxisome                        -0.1          -0.4          -0.5   ✓
  Lipogenesis                       54.8          53.8          53.2   ✓
  Cholesterol_synth                161.6         183.4         183.7   ✓
  Lipoprotein_assembly             -18.9         -17.7         -18.2   ✓
  LDLR_clearance                    30.3          36.3          37.5   ✓
  Scavenger_SR_B                    33.3          41.4          43.5   ✓
  FA_transport                     -49.5         -47.8         -48.1   ✓
  HDL_efflux                       118.5         131.6         134.8   ✓
  Biliary_excretion                  4.3           3.2           3.2   ✓
  Bile_acid_synth                  -58.0         -56.0         -55.9   ✓
  Lipid_peroxidation               -24.5         -23.4         -24.3   ✓

[save] data/proc/hep_set_sensitivity.csv

============================================================================================
判定
============================================================================================
  12/12 条程序在三套定义下方向一致
  ✅ **全部一致** —— 细胞集定义不影响任何一条程序的方向。
     建议主分析用 **B_consensus**(注释 ∩ 判据,两套独立证据的交集),
     并在 Methods 报告三套定义的稳健性对比 + 各自的污染率。

  推荐 B_consensus 的理由:
   1. 概念清晰:cluster 层注释(9 类 marker z-score)+ per-cell 双条件判据,
      两套**独立**证据的交集,互为交叉验证
   2. 排除了 83 号发现的 8,024 个被判入的非肝细胞(UMAP 证据显示
      它们 96%+ 不在肝细胞区域)
   3. 不像 C_strict(neg==0)那样误杀真肝细胞 —— ambient 污染普遍存在时,
      neg==0 会把吸附了少量 ambient 信号的真肝细胞一并排除
