细胞 84,619

========================================================================================================
各类型:自身 marker 检出率  vs  肝细胞 ambient marker 检出率
========================================================================================================
  celltype               n    自身marker    肝ambient        差值   判读
  Hepatocyte        61,402       99.0%       97.9%      1.0%   参照(自身 = ambient 同源)
  B                  9,266        0.4%        7.3%     -6.8%   ❌ 身份不可信 —— 多为带 ambient 的肝细胞
  Endothelial        5,408       63.2%       90.5%    -27.3%   ✅ 身份可信
  HSC                3,392       46.8%       87.2%    -40.4%   🟡 身份可疑
  Neutrophil         2,722        4.5%       90.0%    -85.6%   ❌ 身份不可信 —— 多为带 ambient 的肝细胞
  T_NK                 892        7.0%       64.5%    -57.5%   ❌ 身份不可信 —— 多为带 ambient 的肝细胞
  Cholangiocyte        879       12.6%       85.1%    -72.5%   ❌ 身份不可信 —— 多为带 ambient 的肝细胞
  Kupffer              656       85.6%       97.8%    -12.2%   ✅ 身份可信

[save] data/proc/fig4_niche_credibility.csv

========================================================================================================
逐基因明细(自身 marker)
========================================================================================================
  B                Cd79a  0.5%(中位0.00)   Cd79b  0.4%(中位0.00)   Ms4a1  0.4%(中位0.00)
  Endothelial      Pecam1 58.2%(中位0.93)   Cdh5 43.7%(中位0.00)   Stab2 87.8%(中位2.12)
  HSC              Col1a1 10.5%(中位0.00)   Dcn 96.0%(中位2.45)   Rgs5 33.8%(中位0.00)
  Neutrophil       S100a8  5.2%(中位0.00)   S100a9  5.4%(中位0.00)   Retnlg  2.8%(中位0.00)
  T_NK             Cd3e  9.8%(中位0.00)   Cd3d  4.9%(中位0.00)   Nkg7  6.3%(中位0.00)
  Cholangiocyte    Krt19  3.9%(中位0.00)   Krt7  5.6%(中位0.00)   Epcam 28.2%(中位0.00)
  Kupffer          Clec4f 96.6%(中位2.17)   Vsig4 80.0%(中位1.60)   Timd4 80.2%(中位1.59)

========================================================================================================
对 CellChat 的判定
========================================================================================================
  非肝类型 7 个中:
    身份可信(自身 marker >= 60%) : 2 个  Endothelial, Kupffer
    身份可疑(30% – 60%)          : 1 个  HSC
    身份不可信(< 30%)            : 4 个  B, Neutrophil, T_NK, Cholangiocyte

  → **可用于 CellChat 的可靠类型不足 4 个**,建议**移除** CellChat 面板。
    细胞间互作推断需要收发双方身份都可靠;身份不可信时,
    配体-受体分析只会把 ambient 噪音当成生物学信号。

  另一条独立理由(与数据无关):Adv Sci 2025(PMID 40411399)**已在
  同一批肝脏数据上做过 CellChat**。重复做既不新颖,也给他们审稿时
  直接对比的机会 —— 我们的注释若不如他们干净,反而减分。
